Archive member included to satisfy reference by file (symbol)

d:/program files/stm32cubeide_1.4.0/stm32cubeide/plugins/com.st.stm32cube.ide.mcu.externaltools.gnu-tools-for-stm32.9-2020-q2-update.win32_2.0.0.202105311346/tools/bin/../lib/gcc/arm-none-eabi/9.3.1/../../../../arm-none-eabi/lib/thumb/v7-m/nofp\libc_nano.a(lib_a-errno.o)
                              ./Core/Src/syscalls.o (__errno)
d:/program files/stm32cubeide_1.4.0/stm32cubeide/plugins/com.st.stm32cube.ide.mcu.externaltools.gnu-tools-for-stm32.9-2020-q2-update.win32_2.0.0.202105311346/tools/bin/../lib/gcc/arm-none-eabi/9.3.1/../../../../arm-none-eabi/lib/thumb/v7-m/nofp\libc_nano.a(lib_a-exit.o)
                              d:/program files/stm32cubeide_1.4.0/stm32cubeide/plugins/com.st.stm32cube.ide.mcu.externaltools.gnu-tools-for-stm32.9-2020-q2-update.win32_2.0.0.202105311346/tools/bin/../lib/gcc/arm-none-eabi/9.3.1/../../../../arm-none-eabi/lib/thumb/v7-m/nofp/crt0.o (exit)
d:/program files/stm32cubeide_1.4.0/stm32cubeide/plugins/com.st.stm32cube.ide.mcu.externaltools.gnu-tools-for-stm32.9-2020-q2-update.win32_2.0.0.202105311346/tools/bin/../lib/gcc/arm-none-eabi/9.3.1/../../../../arm-none-eabi/lib/thumb/v7-m/nofp\libc_nano.a(lib_a-impure.o)
                              d:/program files/stm32cubeide_1.4.0/stm32cubeide/plugins/com.st.stm32cube.ide.mcu.externaltools.gnu-tools-for-stm32.9-2020-q2-update.win32_2.0.0.202105311346/tools/bin/../lib/gcc/arm-none-eabi/9.3.1/../../../../arm-none-eabi/lib/thumb/v7-m/nofp\libc_nano.a(lib_a-exit.o) (_global_impure_ptr)
d:/program files/stm32cubeide_1.4.0/stm32cubeide/plugins/com.st.stm32cube.ide.mcu.externaltools.gnu-tools-for-stm32.9-2020-q2-update.win32_2.0.0.202105311346/tools/bin/../lib/gcc/arm-none-eabi/9.3.1/../../../../arm-none-eabi/lib/thumb/v7-m/nofp\libc_nano.a(lib_a-init.o)
                              d:/program files/stm32cubeide_1.4.0/stm32cubeide/plugins/com.st.stm32cube.ide.mcu.externaltools.gnu-tools-for-stm32.9-2020-q2-update.win32_2.0.0.202105311346/tools/bin/../lib/gcc/arm-none-eabi/9.3.1/../../../../arm-none-eabi/lib/thumb/v7-m/nofp/crt0.o (__libc_init_array)
d:/program files/stm32cubeide_1.4.0/stm32cubeide/plugins/com.st.stm32cube.ide.mcu.externaltools.gnu-tools-for-stm32.9-2020-q2-update.win32_2.0.0.202105311346/tools/bin/../lib/gcc/arm-none-eabi/9.3.1/../../../../arm-none-eabi/lib/thumb/v7-m/nofp\libc_nano.a(lib_a-itoa.o)
                              ./Core/Src/menu.o (itoa)
d:/program files/stm32cubeide_1.4.0/stm32cubeide/plugins/com.st.stm32cube.ide.mcu.externaltools.gnu-tools-for-stm32.9-2020-q2-update.win32_2.0.0.202105311346/tools/bin/../lib/gcc/arm-none-eabi/9.3.1/../../../../arm-none-eabi/lib/thumb/v7-m/nofp\libc_nano.a(lib_a-memset.o)
                              d:/program files/stm32cubeide_1.4.0/stm32cubeide/plugins/com.st.stm32cube.ide.mcu.externaltools.gnu-tools-for-stm32.9-2020-q2-update.win32_2.0.0.202105311346/tools/bin/../lib/gcc/arm-none-eabi/9.3.1/../../../../arm-none-eabi/lib/thumb/v7-m/nofp/crt0.o (memset)
d:/program files/stm32cubeide_1.4.0/stm32cubeide/plugins/com.st.stm32cube.ide.mcu.externaltools.gnu-tools-for-stm32.9-2020-q2-update.win32_2.0.0.202105311346/tools/bin/../lib/gcc/arm-none-eabi/9.3.1/../../../../arm-none-eabi/lib/thumb/v7-m/nofp\libc_nano.a(lib_a-snprintf.o)
                              ./Core/Src/menu.o (snprintf)
d:/program files/stm32cubeide_1.4.0/stm32cubeide/plugins/com.st.stm32cube.ide.mcu.externaltools.gnu-tools-for-stm32.9-2020-q2-update.win32_2.0.0.202105311346/tools/bin/../lib/gcc/arm-none-eabi/9.3.1/../../../../arm-none-eabi/lib/thumb/v7-m/nofp\libc_nano.a(lib_a-utoa.o)
                              d:/program files/stm32cubeide_1.4.0/stm32cubeide/plugins/com.st.stm32cube.ide.mcu.externaltools.gnu-tools-for-stm32.9-2020-q2-update.win32_2.0.0.202105311346/tools/bin/../lib/gcc/arm-none-eabi/9.3.1/../../../../arm-none-eabi/lib/thumb/v7-m/nofp\libc_nano.a(lib_a-itoa.o) (__utoa)
d:/program files/stm32cubeide_1.4.0/stm32cubeide/plugins/com.st.stm32cube.ide.mcu.externaltools.gnu-tools-for-stm32.9-2020-q2-update.win32_2.0.0.202105311346/tools/bin/../lib/gcc/arm-none-eabi/9.3.1/../../../../arm-none-eabi/lib/thumb/v7-m/nofp\libc_nano.a(lib_a-nano-svfprintf.o)
                              d:/program files/stm32cubeide_1.4.0/stm32cubeide/plugins/com.st.stm32cube.ide.mcu.externaltools.gnu-tools-for-stm32.9-2020-q2-update.win32_2.0.0.202105311346/tools/bin/../lib/gcc/arm-none-eabi/9.3.1/../../../../arm-none-eabi/lib/thumb/v7-m/nofp\libc_nano.a(lib_a-snprintf.o) (_svfprintf_r)
d:/program files/stm32cubeide_1.4.0/stm32cubeide/plugins/com.st.stm32cube.ide.mcu.externaltools.gnu-tools-for-stm32.9-2020-q2-update.win32_2.0.0.202105311346/tools/bin/../lib/gcc/arm-none-eabi/9.3.1/../../../../arm-none-eabi/lib/thumb/v7-m/nofp\libc_nano.a(lib_a-nano-vfprintf_i.o)
[...]
Memory Configuration

Name             Origin             Length             Attributes
RAM              0x0000000020000000 0x0000000000005000 xrw
FLASH            0x0000000008000000 0x0000000000010000 xr
*default*        0x0000000000000000 0xffffffffffffffff

Linker script and memory map

LOAD d:/program files/stm32cubeide_1.4.0/stm32cubeide/plugins/com.st.stm32cube.ide.mcu.externaltools.gnu-tools-for-stm32.9-2020-q2-update.win32_2.0.0.202105311346/tools/bin/../lib/gcc/arm-none-eabi/9.3.1/thumb/v7-m/nofp/crti.o
LOAD d:/program files/stm32cubeide_1.4.0/stm32cubeide/plugins/com.st.stm32cube.ide.mcu.externaltools.gnu-tools-for-stm32.9-2020-q2-update.win32_2.0.0.202105311346/tools/bin/../lib/gcc/arm-none-eabi/9.3.1/thumb/v7-m/nofp/crtbegin.o
LOAD d:/program files/stm32cubeide_1.4.0/stm32cubeide/plugins/com.st.stm32cube.ide.mcu.externaltools.gnu-tools-for-stm32.9-2020-q2-update.win32_2.0.0.202105311346/tools/bin/../lib/gcc/arm-none-eabi/9.3.1/../../../../arm-none-eabi/lib/thumb/v7-m/nofp/crt0.o
LOAD ./Core/Src/adc.o
LOAD ./Core/Src/command.o
LOAD ./Core/Src/fonts.o
LOAD ./Core/Src/gpio.o
LOAD ./Core/Src/main.o
LOAD ./Core/Src/menu.o
LOAD ./Core/Src/rtc.o
LOAD ./Core/Src/spi.o
LOAD ./Core/Src/st7735.o
LOAD ./Core/Src/stm32f1xx_hal_msp.o
LOAD ./Core/Src/stm32f1xx_it.o
LOAD ./Core/Src/syscalls.o
LOAD ./Core/Src/sysmem.o
LOAD ./Core/Src/system_stm32f1xx.o
LOAD ./Core/Src/tim.o
LOAD ./Core/Startup/startup_stm32f103c8tx.o
LOAD ./Drivers/STM32F1xx_HAL_Driver/Src/stm32f1xx_hal.o
LOAD ./Drivers/STM32F1xx_HAL_Driver/Src/stm32f1xx_hal_adc.o
LOAD ./Drivers/STM32F1xx_HAL_Driver/Src/stm32f1xx_hal_adc_ex.o
LOAD ./Drivers/STM32F1xx_HAL_Driver/Src/stm32f1xx_hal_cortex.o
LOAD ./Drivers/STM32F1xx_HAL_Driver/Src/stm32f1xx_hal_dma.o
LOAD ./Drivers/STM32F1xx_HAL_Driver/Src/stm32f1xx_hal_exti.o
LOAD ./Drivers/STM32F1xx_HAL_Driver/Src/stm32f1xx_hal_flash.o
LOAD ./Drivers/STM32F1xx_HAL_Driver/Src/stm32f1xx_hal_flash_ex.o
LOAD ./Drivers/STM32F1xx_HAL_Driver/Src/stm32f1xx_hal_gpio.o
LOAD ./Drivers/STM32F1xx_HAL_Driver/Src/stm32f1xx_hal_gpio_ex.o
LOAD ./Drivers/STM32F1xx_HAL_Driver/Src/stm32f1xx_hal_pwr.o
LOAD ./Drivers/STM32F1xx_HAL_Driver/Src/stm32f1xx_hal_rcc.o
LOAD ./Drivers/STM32F1xx_HAL_Driver/Src/stm32f1xx_hal_rcc_ex.o
LOAD ./Drivers/STM32F1xx_HAL_Driver/Src/stm32f1xx_hal_rtc.o
LOAD ./Drivers/STM32F1xx_HAL_Driver/Src/stm32f1xx_hal_rtc_ex.o
LOAD ./Drivers/STM32F1xx_HAL_Driver/Src/stm32f1xx_hal_spi.o
LOAD ./Drivers/STM32F1xx_HAL_Driver/Src/stm32f1xx_hal_tim.o
LOAD ./Drivers/STM32F1xx_HAL_Driver/Src/stm32f1xx_hal_tim_ex.o
START GROUP
LOAD d:/program files/stm32cubeide_1.4.0/stm32cubeide/plugins/com.st.stm32cube.ide.mcu.externaltools.gnu-tools-for-stm32.9-2020-q2-update.win32_2.0.0.202105311346/tools/bin/../lib/gcc/arm-none-eabi/9.3.1/../../../../arm-none-eabi/lib/thumb/v7-m/nofp\libc_nano.a
LOAD d:/program files/stm32cubeide_1.4.0/stm32cubeide/plugins/com.st.stm32cube.ide.mcu.externaltools.gnu-tools-for-stm32.9-2020-q2-update.win32_2.0.0.202105311346/tools/bin/../lib/gcc/arm-none-eabi/9.3.1/../../../../arm-none-eabi/lib/thumb/v7-m/nofp\libm.a
END GROUP
START GROUP
LOAD d:/program files/stm32cubeide_1.4.0/stm32cubeide/plugins/com.st.stm32cube.ide.mcu.externaltools.gnu-tools-for-stm32.9-2020-q2-update.win32_2.0.0.202105311346/tools/bin/../lib/gcc/arm-none-eabi/9.3.1/thumb/v7-m/nofp\libgcc.a
LOAD d:/program files/stm32cubeide_1.4.0/stm32cubeide/plugins/com.st.stm32cube.ide.mcu.externaltools.gnu-tools-for-stm32.9-2020-q2-update.win32_2.0.0.202105311346/tools/bin/../lib/gcc/arm-none-eabi/9.3.1/../../../../arm-none-eabi/lib/thumb/v7-m/nofp\libc_nano.a
END GROUP
START GROUP
LOAD d:/program files/stm32cubeide_1.4.0/stm32cubeide/plugins/com.st.stm32cube.ide.mcu.externaltools.gnu-tools-for-stm32.9-2020-q2-update.win32_2.0.0.202105311346/tools/bin/../lib/gcc/arm-none-eabi/9.3.1/thumb/v7-m/nofp\libgcc.a
LOAD d:/program files/stm32cubeide_1.4.0/stm32cubeide/plugins/com.st.stm32cube.ide.mcu.externaltools.gnu-tools-for-stm32.9-2020-q2-update.win32_2.0.0.202105311346/tools/bin/../lib/gcc/arm-none-eabi/9.3.1/../../../../arm-none-eabi/lib/thumb/v7-m/nofp\libc_nano.a
LOAD d:/program files/stm32cubeide_1.4.0/stm32cubeide/plugins/com.st.stm32cube.ide.mcu.externaltools.gnu-tools-for-stm32.9-2020-q2-update.win32_2.0.0.202105311346/tools/bin/../lib/gcc/arm-none-eabi/9.3.1/../../../../arm-none-eabi/lib/thumb/v7-m/nofp\libnosys.a
END GROUP
START GROUP
LOAD d:/program files/stm32cubeide_1.4.0/stm32cubeide/plugins/com.st.stm32cube.ide.mcu.externaltools.gnu-tools-for-stm32.9-2020-q2-update.win32_2.0.0.202105311346/tools/bin/../lib/gcc/arm-none-eabi/9.3.1/thumb/v7-m/nofp\libgcc.a
LOAD d:/program files/stm32cubeide_1.4.0/stm32cubeide/plugins/com.st.stm32cube.ide.mcu.externaltools.gnu-tools-for-stm32.9-2020-q2-update.win32_2.0.0.202105311346/tools/bin/../lib/gcc/arm-none-eabi/9.3.1/../../../../arm-none-eabi/lib/thumb/v7-m/nofp\libc_nano.a
LOAD d:/program files/stm32cubeide_1.4.0/stm32cubeide/plugins/com.st.stm32cube.ide.mcu.externaltools.gnu-tools-for-stm32.9-2020-q2-update.win32_2.0.0.202105311346/tools/bin/../lib/gcc/arm-none-eabi/9.3.1/../../../../arm-none-eabi/lib/thumb/v7-m/nofp\libnosys.a
END GROUP
LOAD d:/program files/stm32cubeide_1.4.0/stm32cubeide/plugins/com.st.stm32cube.ide.mcu.externaltools.gnu-tools-for-stm32.9-2020-q2-update.win32_2.0.0.202105311346/tools/bin/../lib/gcc/arm-none-eabi/9.3.1/thumb/v7-m/nofp/crtend.o
LOAD d:/program files/stm32cubeide_1.4.0/stm32cubeide/plugins/com.st.stm32cube.ide.mcu.externaltools.gnu-tools-for-stm32.9-2020-q2-update.win32_2.0.0.202105311346/tools/bin/../lib/gcc/arm-none-eabi/9.3.1/thumb/v7-m/nofp/crtn.o
                0x0000000020005000                _estack = (ORIGIN (RAM) + LENGTH (RAM))
                0x0000000000000200                _Min_Heap_Size = 0x200
                0x0000000000000400                _Min_Stack_Size = 0x400

.isr_vector     0x0000000008000000      0x10c
                0x0000000008000000                . = ALIGN (0x4)
 *(.isr_vector)
 .isr_vector    0x0000000008000000      0x10c ./Core/Startup/startup_stm32f103c8tx.o
                0x0000000008000000                g_pfnVectors
                0x000000000800010c                . = ALIGN (0x4)

.text           0x000000000800010c     0xbcf4
                0x000000000800010c                . = ALIGN (0x4)
 *(.text)
 .text          0x000000000800010c       0x40 d:/program files/stm32cubeide_1.4.0/stm32cubeide/plugins/com.st.stm32cube.ide.mcu.externaltools.gnu-tools-for-stm32.9-2020-q2-update.win32_2.0.0.202105311346/tools/bin/../lib/gcc/arm-none-eabi/9.3.1/thumb/v7-m/nofp/crtbegin.o
 *(.text*)
 .text.MX_ADC1_Init
                0x000000000800014c       0x7c ./Core/Src/adc.o
                0x000000000800014c                MX_ADC1_Init
 .text.HAL_ADC_MspInit
                0x00000000080001c8       0x78 ./Core/Src/adc.o
                0x00000000080001c8                HAL_ADC_MspInit
 .text.SPI_RW   0x0000000008000240       0x58 ./Core/Src/command.o
                0x0000000008000240                SPI_RW
 .text.Get_ADC1
                0x0000000008000298       0x30 ./Core/Src/command.o
                0x0000000008000298                Get_ADC1
 .text.BackLight
                0x00000000080002c8       0x1c ./Core/Src/command.o
                0x00000000080002c8                BackLight
 .text.Rising   0x00000000080002e4       0x96 ./Core/Src/command.o
                0x00000000080002e4                Rising
 .text.Faling   0x000000000800037a       0x90 ./Core/Src/command.o
                0x000000000800037a                Faling
 *fill*         0x000000000800040a        0x2 
 .text.MX_GPIO_Init
                0x000000000800040c      0x138 ./Core/Src/gpio.o
                0x000000000800040c                MX_GPIO_Init
 .text.main     0x0000000008000544      0x610 ./Core/Src/main.o
                0x0000000008000544                main
 .text.SystemClock_Config
                0x0000000008000b54       0xc0 ./Core/Src/main.o
                0x0000000008000b54                SystemClock_Config
 .text.HAL_GPIO_EXTI_Callback
                0x0000000008000c14       0xd4 ./Core/Src/main.o
                0x0000000008000c14                HAL_GPIO_EXTI_Callback
 .text.HAL_TIM_PeriodElapsedCallback
                0x0000000008000ce8       0x8c ./Core/Src/main.o
                0x0000000008000ce8                HAL_TIM_PeriodElapsedCallback
 .text.HAL_SPI_TxRxCpltCallback
                0x0000000008000d74       0x40 ./Core/Src/main.o
                0x0000000008000d74                HAL_SPI_TxRxCpltCallback
 .text.Error_Handler
                0x0000000008000db4        0xc ./Core/Src/main.o
                0x0000000008000db4                Error_Handler
 .text.loading  0x0000000008000dc0       0x50 ./Core/Src/menu.o
                0x0000000008000dc0                loading
 .text.Send_READ_Status_Outputs
                0x0000000008000e10      0x228 ./Core/Src/menu.o
                0x0000000008000e10                Send_READ_Status_Outputs
 .text.Data_Block
                0x0000000008001038       0x3c ./Core/Src/menu.o
                0x0000000008001038                Data_Block
 .text.DataUpdate
                0x0000000008001074       0x28 ./Core/Src/menu.o
                0x0000000008001074                DataUpdate
 .text.Main_Menu
                0x000000000800109c      0x180 ./Core/Src/menu.o
                0x000000000800109c                Main_Menu
 .text.One_Menu
                0x000000000800121c      0x548 ./Core/Src/menu.o
                0x000000000800121c                One_Menu
 .text.Two_Menu
                0x0000000008001764      0x3b8 ./Core/Src/menu.o
                0x0000000008001764                Two_Menu
 .text.Three_Menu
                0x0000000008001b1c      0xb30 ./Core/Src/menu.o
                0x0000000008001b1c                Three_Menu
 .text.Four_Menu
                0x000000000800264c      0xb30 ./Core/Src/menu.o
                0x000000000800264c                Four_Menu
 .text.Five_Menu
                0x000000000800317c      0xb30 ./Core/Src/menu.o
                0x000000000800317c                Five_Menu
 .text.Six_Menu
                0x0000000008003cac      0x144 ./Core/Src/menu.o
                0x0000000008003cac                Six_Menu
 .text.Seven_Menu
                0x0000000008003df0      0x3c0 ./Core/Src/menu.o
                0x0000000008003df0                Seven_Menu
 .text.Item_Selection
                0x00000000080041b0      0x748 ./Core/Src/menu.o
                0x00000000080041b0                Item_Selection
 .text.Menu_Output
                0x00000000080048f8       0xec ./Core/Src/menu.o
                0x00000000080048f8                Menu_Output
 .text.Menu_Blocks
                0x00000000080049e4       0xcc ./Core/Src/menu.o
                0x00000000080049e4                Menu_Blocks
 .text.Str_Time
                0x0000000008004ab0       0xac ./Core/Src/menu.o
                0x0000000008004ab0                Str_Time
 .text.Menu_Main
                0x0000000008004b5c      0x150 ./Core/Src/menu.o
                0x0000000008004b5c                Menu_Main
 .text.Menu_Analog
                0x0000000008004cac      0x3bc ./Core/Src/menu.o
                0x0000000008004cac                Menu_Analog
 .text.Menu_Digital
                0x0000000008005068      0x330 ./Core/Src/menu.o
                0x0000000008005068                Menu_Digital
 .text.Menu_OpenDrain
                0x0000000008005398      0x3bc ./Core/Src/menu.o
                0x0000000008005398                Menu_OpenDrain
 .text.Menu_1Wire
                0x0000000008005754      0x130 ./Core/Src/menu.o
                0x0000000008005754                Menu_1Wire
 .text.Menu_PWM
                0x0000000008005884      0x204 ./Core/Src/menu.o
                0x0000000008005884                Menu_PWM
 .text.Filling_Menu_Block
                0x0000000008005a88      0x208 ./Core/Src/menu.o
                0x0000000008005a88                Filling_Menu_Block
 .text.Not_Found_Block
                0x0000000008005c90       0xf4 ./Core/Src/menu.o
                0x0000000008005c90                Not_Found_Block
 .text.Visible_Analog
                0x0000000008005d84      0x26c ./Core/Src/menu.o
                0x0000000008005d84                Visible_Analog
 .text.Visible_Digital
                0x0000000008005ff0      0x1e4 ./Core/Src/menu.o
                0x0000000008005ff0                Visible_Digital
 .text.Visible_PWM
                0x00000000080061d4      0x144 ./Core/Src/menu.o
                0x00000000080061d4                Visible_PWM
 .text.Visible_1Wire
                0x0000000008006318       0xb0 ./Core/Src/menu.o
                0x0000000008006318                Visible_1Wire
 .text.Visible_OpenDrain
                0x00000000080063c8      0x26c ./Core/Src/menu.o
                0x00000000080063c8                Visible_OpenDrain
 .text.MX_RTC_Init
                0x0000000008006634       0x94 ./Core/Src/rtc.o
                0x0000000008006634                MX_RTC_Init
 .text.HAL_RTC_MspInit
                0x00000000080066c8       0x48 ./Core/Src/rtc.o
                0x00000000080066c8                HAL_RTC_MspInit
 .text.MX_SPI1_Init
                0x0000000008006710       0x6c ./Core/Src/spi.o
                0x0000000008006710                MX_SPI1_Init
 .text.MX_SPI2_Init
                0x000000000800677c       0x6c ./Core/Src/spi.o
                0x000000000800677c                MX_SPI2_Init
 .text.HAL_SPI_MspInit
                0x00000000080067e8      0x104 ./Core/Src/spi.o
                0x00000000080067e8                HAL_SPI_MspInit
 .text.ST7735_GPIO_Init
                0x00000000080068ec        0xc ./Core/Src/st7735.o
 .text.ST7735_Reset
                0x00000000080068f8       0x20 ./Core/Src/st7735.o
 .text.ST7735_WriteCommand
                0x0000000008006918       0x30 ./Core/Src/st7735.o
 .text.ST7735_WriteData
                0x0000000008006948       0x30 ./Core/Src/st7735.o
 .text.ST7735_ExecuteCommandList
                0x0000000008006978       0x92 ./Core/Src/st7735.o
 *fill*         0x0000000008006a0a        0x2 
 .text.ST7735_SetAddressWindow
                0x0000000008006a0c       0x90 ./Core/Src/st7735.o
 .text.ST7735_WriteChar
                0x0000000008006a9c       0xee ./Core/Src/st7735.o
 *fill*         0x0000000008006b8a        0x2 
 .text.ST7735_Init
                0x0000000008006b8c       0x44 ./Core/Src/st7735.o
                0x0000000008006b8c                ST7735_Init
 .text.ST7735_DrawPixel
                0x0000000008006bd0       0x88 ./Core/Src/st7735.o
                0x0000000008006bd0                ST7735_DrawPixel
 .text.ST7735_DrawString
                0x0000000008006c58       0xb4 ./Core/Src/st7735.o
                0x0000000008006c58                ST7735_DrawString
 .text.ST7735_FillRectangle
                0x0000000008006d0c      0x114 ./Core/Src/st7735.o
                0x0000000008006d0c                ST7735_FillRectangle
 .text.ST7735_FillScreen
                0x0000000008006e20       0x38 ./Core/Src/st7735.o
                0x0000000008006e20                ST7735_FillScreen
 .text.ST7735_DrawLine
                0x0000000008006e58      0x13c ./Core/Src/st7735.o
                0x0000000008006e58                ST7735_DrawLine
 .text.ST7735_SetRotation
                0x0000000008006f94      0x150 ./Core/Src/st7735.o
                0x0000000008006f94                ST7735_SetRotation
 .text.HAL_MspInit
                0x00000000080070e4       0x64 ./Core/Src/stm32f1xx_hal_msp.o
                0x00000000080070e4                HAL_MspInit
 .text.NMI_Handler
                0x0000000008007148        0xc ./Core/Src/stm32f1xx_it.o
                0x0000000008007148                NMI_Handler
 .text.HardFault_Handler
                0x0000000008007154        0x6 ./Core/Src/stm32f1xx_it.o
                0x0000000008007154                HardFault_Handler
 .text.MemManage_Handler
                0x000000000800715a        0x6 ./Core/Src/stm32f1xx_it.o
                0x000000000800715a                MemManage_Handler
 .text.BusFault_Handler
                0x0000000008007160        0x6 ./Core/Src/stm32f1xx_it.o
                0x0000000008007160                BusFault_Handler
 .text.UsageFault_Handler
                0x0000000008007166        0x6 ./Core/Src/stm32f1xx_it.o
                0x0000000008007166                UsageFault_Handler
 .text.SVC_Handler
                0x000000000800716c        0xc ./Core/Src/stm32f1xx_it.o
                0x000000000800716c                SVC_Handler
 .text.DebugMon_Handler
                0x0000000008007178        0xc ./Core/Src/stm32f1xx_it.o
                0x0000000008007178                DebugMon_Handler
 .text.PendSV_Handler
                0x0000000008007184        0xc ./Core/Src/stm32f1xx_it.o
                0x0000000008007184                PendSV_Handler
 .text.SysTick_Handler
                0x0000000008007190        0xc ./Core/Src/stm32f1xx_it.o
                0x0000000008007190                SysTick_Handler
 .text.EXTI9_5_IRQHandler
                0x000000000800719c       0x18 ./Core/Src/stm32f1xx_it.o
                0x000000000800719c                EXTI9_5_IRQHandler
 .text.TIM1_UP_IRQHandler
                0x00000000080071b4       0x14 ./Core/Src/stm32f1xx_it.o
                0x00000000080071b4                TIM1_UP_IRQHandler
 .text.SPI1_IRQHandler
                0x00000000080071c8       0x14 ./Core/Src/stm32f1xx_it.o
                0x00000000080071c8                SPI1_IRQHandler
 .text.EXTI15_10_IRQHandler
                0x00000000080071dc       0x18 ./Core/Src/stm32f1xx_it.o
                0x00000000080071dc                EXTI15_10_IRQHandler
 .text._sbrk    0x00000000080071f4       0x6c ./Core/Src/sysmem.o
                0x00000000080071f4                _sbrk
 .text.SystemInit
                0x0000000008007260        0xc ./Core/Src/system_stm32f1xx.o
                0x0000000008007260                SystemInit
 .text.MX_TIM1_Init
                0x000000000800726c       0xa4 ./Core/Src/tim.o
                0x000000000800726c                MX_TIM1_Init
 .text.MX_TIM2_Init
                0x0000000008007310       0xb4 ./Core/Src/tim.o
                0x0000000008007310                MX_TIM2_Init
 .text.HAL_TIM_Base_MspInit
                0x00000000080073c4       0x4c ./Core/Src/tim.o
                0x00000000080073c4                HAL_TIM_Base_MspInit
 .text.HAL_TIM_PWM_MspInit
                0x0000000008007410       0x38 ./Core/Src/tim.o
                0x0000000008007410                HAL_TIM_PWM_MspInit
 .text.HAL_TIM_MspPostInit
                0x0000000008007448       0x60 ./Core/Src/tim.o
                0x0000000008007448                HAL_TIM_MspPostInit
 .text.Reset_Handler
                0x00000000080074a8       0x48 ./Core/Startup/startup_stm32f103c8tx.o
                0x00000000080074a8                Reset_Handler
 .text.Default_Handler
                0x00000000080074f0        0x2 ./Core/Startup/startup_stm32f103c8tx.o
                0x00000000080074f0                RTC_Alarm_IRQHandler
                0x00000000080074f0                EXTI2_IRQHandler
                0x00000000080074f0                TIM1_CC_IRQHandler
                0x00000000080074f0                PVD_IRQHandler
                0x00000000080074f0                EXTI3_IRQHandler
                0x00000000080074f0                EXTI0_IRQHandler
                0x00000000080074f0                I2C2_EV_IRQHandler
                0x00000000080074f0                ADC1_2_IRQHandler
                0x00000000080074f0                TAMPER_IRQHandler
                0x00000000080074f0                DMA1_Channel4_IRQHandler
                0x00000000080074f0                USART3_IRQHandler
                0x00000000080074f0                RTC_IRQHandler
                0x00000000080074f0                DMA1_Channel7_IRQHandler
                0x00000000080074f0                CAN1_RX1_IRQHandler
                0x00000000080074f0                TIM4_IRQHandler
                0x00000000080074f0                I2C1_EV_IRQHandler
                0x00000000080074f0                DMA1_Channel6_IRQHandler
                0x00000000080074f0                TIM3_IRQHandler
                0x00000000080074f0                RCC_IRQHandler
                0x00000000080074f0                TIM1_TRG_COM_IRQHandler
                0x00000000080074f0                DMA1_Channel1_IRQHandler
                0x00000000080074f0                Default_Handler
                0x00000000080074f0                SPI2_IRQHandler
                0x00000000080074f0                DMA1_Channel5_IRQHandler
                0x00000000080074f0                EXTI4_IRQHandler
                0x00000000080074f0                USB_LP_CAN1_RX0_IRQHandler
                0x00000000080074f0                USB_HP_CAN1_TX_IRQHandler
                0x00000000080074f0                DMA1_Channel3_IRQHandler
                0x00000000080074f0                WWDG_IRQHandler
                0x00000000080074f0                TIM2_IRQHandler
                0x00000000080074f0                TIM1_BRK_IRQHandler
                0x00000000080074f0                EXTI1_IRQHandler
                0x00000000080074f0                USART2_IRQHandler
                0x00000000080074f0                I2C2_ER_IRQHandler
                0x00000000080074f0                DMA1_Channel2_IRQHandler
                0x00000000080074f0                CAN1_SCE_IRQHandler
                0x00000000080074f0                FLASH_IRQHandler
                0x00000000080074f0                USART1_IRQHandler
                0x00000000080074f0                I2C1_ER_IRQHandler
                0x00000000080074f0                USBWakeUp_IRQHandler
 *fill*         0x00000000080074f2        0x2 
 .text.HAL_Init
                0x00000000080074f4       0x2c ./Drivers/STM32F1xx_HAL_Driver/Src/stm32f1xx_hal.o
                0x00000000080074f4                HAL_Init
 .text.HAL_InitTick
                0x0000000008007520       0x60 ./Drivers/STM32F1xx_HAL_Driver/Src/stm32f1xx_hal.o
                0x0000000008007520                HAL_InitTick
 .text.HAL_IncTick
                0x0000000008007580       0x24 ./Drivers/STM32F1xx_HAL_Driver/Src/stm32f1xx_hal.o
                0x0000000008007580                HAL_IncTick
 .text.HAL_GetTick
                0x00000000080075a4       0x14 ./Drivers/STM32F1xx_HAL_Driver/Src/stm32f1xx_hal.o
                0x00000000080075a4                HAL_GetTick
 .text.HAL_Delay
                0x00000000080075b8       0x48 ./Drivers/STM32F1xx_HAL_Driver/Src/stm32f1xx_hal.o
                0x00000000080075b8                HAL_Delay
 .text.HAL_ADC_Init
                0x0000000008007600      0x1b0 ./Drivers/STM32F1xx_HAL_Driver/Src/stm32f1xx_hal_adc.o
                0x0000000008007600                HAL_ADC_Init
 .text.HAL_ADC_Start
                0x00000000080077b0      0x15c ./Drivers/STM32F1xx_HAL_Driver/Src/stm32f1xx_hal_adc.o
                0x00000000080077b0                HAL_ADC_Start
 .text.HAL_ADC_PollForConversion
                0x000000000800790c      0x1f4 ./Drivers/STM32F1xx_HAL_Driver/Src/stm32f1xx_hal_adc.o
                0x000000000800790c                HAL_ADC_PollForConversion
 .text.HAL_ADC_GetValue
                0x0000000008007b00       0x18 ./Drivers/STM32F1xx_HAL_Driver/Src/stm32f1xx_hal_adc.o
                0x0000000008007b00                HAL_ADC_GetValue
 .text.HAL_ADC_ConfigChannel
                0x0000000008007b18      0x1f0 ./Drivers/STM32F1xx_HAL_Driver/Src/stm32f1xx_hal_adc.o
                0x0000000008007b18                HAL_ADC_ConfigChannel
 .text.ADC_Enable
                0x0000000008007d08       0xa4 ./Drivers/STM32F1xx_HAL_Driver/Src/stm32f1xx_hal_adc.o
                0x0000000008007d08                ADC_Enable
 .text.ADC_ConversionStop_Disable
                0x0000000008007dac       0x74 ./Drivers/STM32F1xx_HAL_Driver/Src/stm32f1xx_hal_adc.o
                0x0000000008007dac                ADC_ConversionStop_Disable
 .text.__NVIC_SetPriorityGrouping
                0x0000000008007e20       0x48 ./Drivers/STM32F1xx_HAL_Driver/Src/stm32f1xx_hal_cortex.o
 .text.__NVIC_GetPriorityGrouping
                0x0000000008007e68       0x1c ./Drivers/STM32F1xx_HAL_Driver/Src/stm32f1xx_hal_cortex.o
 .text.__NVIC_EnableIRQ
                0x0000000008007e84       0x38 ./Drivers/STM32F1xx_HAL_Driver/Src/stm32f1xx_hal_cortex.o
 .text.__NVIC_SetPriority
                0x0000000008007ebc       0x54 ./Drivers/STM32F1xx_HAL_Driver/Src/stm32f1xx_hal_cortex.o
 .text.NVIC_EncodePriority
                0x0000000008007f10       0x64 ./Drivers/STM32F1xx_HAL_Driver/Src/stm32f1xx_hal_cortex.o
 .text.SysTick_Config
                0x0000000008007f74       0x44 ./Drivers/STM32F1xx_HAL_Driver/Src/stm32f1xx_hal_cortex.o
 .text.HAL_NVIC_SetPriorityGrouping
                0x0000000008007fb8       0x16 ./Drivers/STM32F1xx_HAL_Driver/Src/stm32f1xx_hal_cortex.o
                0x0000000008007fb8                HAL_NVIC_SetPriorityGrouping
 .text.HAL_NVIC_SetPriority
                0x0000000008007fce       0x38 ./Drivers/STM32F1xx_HAL_Driver/Src/stm32f1xx_hal_cortex.o
                0x0000000008007fce                HAL_NVIC_SetPriority
 .text.HAL_NVIC_EnableIRQ
                0x0000000008008006       0x1c ./Drivers/STM32F1xx_HAL_Driver/Src/stm32f1xx_hal_cortex.o
                0x0000000008008006                HAL_NVIC_EnableIRQ
 .text.HAL_SYSTICK_Config
                0x0000000008008022       0x18 ./Drivers/STM32F1xx_HAL_Driver/Src/stm32f1xx_hal_cortex.o
                0x0000000008008022                HAL_SYSTICK_Config
 *fill*         0x000000000800803a        0x2 
 .text.HAL_DMA_Abort_IT
                0x000000000800803c       0xec ./Drivers/STM32F1xx_HAL_Driver/Src/stm32f1xx_hal_dma.o
                0x000000000800803c                HAL_DMA_Abort_IT
 .text.HAL_GPIO_Init
                0x0000000008008128      0x308 ./Drivers/STM32F1xx_HAL_Driver/Src/stm32f1xx_hal_gpio.o
                0x0000000008008128                HAL_GPIO_Init
 .text.HAL_GPIO_WritePin
                0x0000000008008430       0x30 ./Drivers/STM32F1xx_HAL_Driver/Src/stm32f1xx_hal_gpio.o
                0x0000000008008430                HAL_GPIO_WritePin
 .text.HAL_GPIO_EXTI_IRQHandler
                0x0000000008008460       0x30 ./Drivers/STM32F1xx_HAL_Driver/Src/stm32f1xx_hal_gpio.o
                0x0000000008008460                HAL_GPIO_EXTI_IRQHandler
 .text.HAL_PWR_EnableBkUpAccess
                0x0000000008008490       0x18 ./Drivers/STM32F1xx_HAL_Driver/Src/stm32f1xx_hal_pwr.o
                0x0000000008008490                HAL_PWR_EnableBkUpAccess
 .text.HAL_RCC_OscConfig
                0x00000000080084a8      0x500 ./Drivers/STM32F1xx_HAL_Driver/Src/stm32f1xx_hal_rcc.o
                0x00000000080084a8                HAL_RCC_OscConfig
 .text.HAL_RCC_ClockConfig
                0x00000000080089a8      0x1d4 ./Drivers/STM32F1xx_HAL_Driver/Src/stm32f1xx_hal_rcc.o
                0x00000000080089a8                HAL_RCC_ClockConfig
 .text.HAL_RCC_GetSysClockFreq
                0x0000000008008b7c       0xc0 ./Drivers/STM32F1xx_HAL_Driver/Src/stm32f1xx_hal_rcc.o
                0x0000000008008b7c                HAL_RCC_GetSysClockFreq
 .text.HAL_RCC_GetHCLKFreq
                0x0000000008008c3c       0x14 ./Drivers/STM32F1xx_HAL_Driver/Src/stm32f1xx_hal_rcc.o
                0x0000000008008c3c                HAL_RCC_GetHCLKFreq
 .text.HAL_RCC_GetPCLK2Freq
                0x0000000008008c50       0x28 ./Drivers/STM32F1xx_HAL_Driver/Src/stm32f1xx_hal_rcc.o
                0x0000000008008c50                HAL_RCC_GetPCLK2Freq
 .text.RCC_Delay
                0x0000000008008c78       0x3c ./Drivers/STM32F1xx_HAL_Driver/Src/stm32f1xx_hal_rcc.o
 .text.HAL_RCCEx_PeriphCLKConfig
                0x0000000008008cb4      0x16c ./Drivers/STM32F1xx_HAL_Driver/Src/stm32f1xx_hal_rcc_ex.o
                0x0000000008008cb4                HAL_RCCEx_PeriphCLKConfig
 .text.HAL_RCCEx_GetPeriphCLKFreq
                0x0000000008008e20      0x188 ./Drivers/STM32F1xx_HAL_Driver/Src/stm32f1xx_hal_rcc_ex.o
                0x0000000008008e20                HAL_RCCEx_GetPeriphCLKFreq
 .text.HAL_RTC_Init
                0x0000000008008fa8      0x12c ./Drivers/STM32F1xx_HAL_Driver/Src/stm32f1xx_hal_rtc.o
                0x0000000008008fa8                HAL_RTC_Init
 .text.HAL_RTC_SetTime
                0x00000000080090d4      0x12e ./Drivers/STM32F1xx_HAL_Driver/Src/stm32f1xx_hal_rtc.o
                0x00000000080090d4                HAL_RTC_SetTime
 *fill*         0x0000000008009202        0x2 
 .text.HAL_RTC_GetTime
                0x0000000008009204      0x1b0 ./Drivers/STM32F1xx_HAL_Driver/Src/stm32f1xx_hal_rtc.o
                0x0000000008009204                HAL_RTC_GetTime
 .text.HAL_RTC_SetDate
                0x00000000080093b4      0x16c ./Drivers/STM32F1xx_HAL_Driver/Src/stm32f1xx_hal_rtc.o
                0x00000000080093b4                HAL_RTC_SetDate
 .text.HAL_RTC_GetDate
                0x0000000008009520       0xa8 ./Drivers/STM32F1xx_HAL_Driver/Src/stm32f1xx_hal_rtc.o
                0x0000000008009520                HAL_RTC_GetDate
 .text.HAL_RTC_WaitForSynchro
                0x00000000080095c8       0x5a ./Drivers/STM32F1xx_HAL_Driver/Src/stm32f1xx_hal_rtc.o
                0x00000000080095c8                HAL_RTC_WaitForSynchro
 .text.RTC_ReadTimeCounter
                0x0000000008009622       0x60 ./Drivers/STM32F1xx_HAL_Driver/Src/stm32f1xx_hal_rtc.o
 .text.RTC_WriteTimeCounter
                0x0000000008009682       0x4e ./Drivers/STM32F1xx_HAL_Driver/Src/stm32f1xx_hal_rtc.o
 .text.RTC_ReadAlarmCounter
                0x00000000080096d0       0x32 ./Drivers/STM32F1xx_HAL_Driver/Src/stm32f1xx_hal_rtc.o
 .text.RTC_WriteAlarmCounter
                0x0000000008009702       0x4e ./Drivers/STM32F1xx_HAL_Driver/Src/stm32f1xx_hal_rtc.o
 .text.RTC_EnterInitMode
                0x0000000008009750       0x50 ./Drivers/STM32F1xx_HAL_Driver/Src/stm32f1xx_hal_rtc.o
 .text.RTC_ExitInitMode
                0x00000000080097a0       0x50 ./Drivers/STM32F1xx_HAL_Driver/Src/stm32f1xx_hal_rtc.o
 .text.RTC_ByteToBcd2
                0x00000000080097f0       0x3a ./Drivers/STM32F1xx_HAL_Driver/Src/stm32f1xx_hal_rtc.o
 .text.RTC_Bcd2ToByte
                0x000000000800982a       0x3a ./Drivers/STM32F1xx_HAL_Driver/Src/stm32f1xx_hal_rtc.o
 .text.RTC_DateUpdate
                0x0000000008009864      0x152 ./Drivers/STM32F1xx_HAL_Driver/Src/stm32f1xx_hal_rtc.o
 *fill*         0x00000000080099b6        0x2 
 .text.RTC_IsLeapYear
                0x00000000080099b8       0x64 ./Drivers/STM32F1xx_HAL_Driver/Src/stm32f1xx_hal_rtc.o
 .text.RTC_WeekDayNum
                0x0000000008009a1c       0xf0 ./Drivers/STM32F1xx_HAL_Driver/Src/stm32f1xx_hal_rtc.o
 .text.HAL_SPI_Init
                0x0000000008009b0c      0x108 ./Drivers/STM32F1xx_HAL_Driver/Src/stm32f1xx_hal_spi.o
                0x0000000008009b0c                HAL_SPI_Init
 .text.HAL_SPI_Transmit
                0x0000000008009c14      0x278 ./Drivers/STM32F1xx_HAL_Driver/Src/stm32f1xx_hal_spi.o
                0x0000000008009c14                HAL_SPI_Transmit
 .text.HAL_SPI_TransmitReceive_IT
                0x0000000008009e8c      0x128 ./Drivers/STM32F1xx_HAL_Driver/Src/stm32f1xx_hal_spi.o
                0x0000000008009e8c                HAL_SPI_TransmitReceive_IT
 .text.HAL_SPI_IRQHandler
                0x0000000008009fb4      0x1cc ./Drivers/STM32F1xx_HAL_Driver/Src/stm32f1xx_hal_spi.o
                0x0000000008009fb4                HAL_SPI_IRQHandler
 .text.HAL_SPI_RxCpltCallback
                0x000000000800a180       0x12 ./Drivers/STM32F1xx_HAL_Driver/Src/stm32f1xx_hal_spi.o
                0x000000000800a180                HAL_SPI_RxCpltCallback
 .text.HAL_SPI_ErrorCallback
                0x000000000800a192       0x12 ./Drivers/STM32F1xx_HAL_Driver/Src/stm32f1xx_hal_spi.o
                0x000000000800a192                HAL_SPI_ErrorCallback
 .text.SPI_DMAAbortOnError
                0x000000000800a1a4       0x28 ./Drivers/STM32F1xx_HAL_Driver/Src/stm32f1xx_hal_spi.o
 .text.SPI_2linesRxISR_8BIT
                0x000000000800a1cc       0x64 ./Drivers/STM32F1xx_HAL_Driver/Src/stm32f1xx_hal_spi.o
 .text.SPI_2linesTxISR_8BIT
                0x000000000800a230       0x60 ./Drivers/STM32F1xx_HAL_Driver/Src/stm32f1xx_hal_spi.o
 .text.SPI_2linesRxISR_16BIT
                0x000000000800a290       0x60 ./Drivers/STM32F1xx_HAL_Driver/Src/stm32f1xx_hal_spi.o
 .text.SPI_2linesTxISR_16BIT
                0x000000000800a2f0       0x5e ./Drivers/STM32F1xx_HAL_Driver/Src/stm32f1xx_hal_spi.o
 *fill*         0x000000000800a34e        0x2 
 .text.SPI_WaitFlagStateUntilTimeout
                0x000000000800a350      0x110 ./Drivers/STM32F1xx_HAL_Driver/Src/stm32f1xx_hal_spi.o
 .text.SPI_EndRxTxTransaction
                0x000000000800a460       0x3c ./Drivers/STM32F1xx_HAL_Driver/Src/stm32f1xx_hal_spi.o
 .text.SPI_CloseRxTx_ISR
                0x000000000800a49c       0xe8 ./Drivers/STM32F1xx_HAL_Driver/Src/stm32f1xx_hal_spi.o
 .text.HAL_TIM_Base_Init
                0x000000000800a584       0x9e ./Drivers/STM32F1xx_HAL_Driver/Src/stm32f1xx_hal_tim.o
                0x000000000800a584                HAL_TIM_Base_Init
 *fill*         0x000000000800a622        0x2 
 .text.HAL_TIM_Base_Start_IT
                0x000000000800a624       0xa4 ./Drivers/STM32F1xx_HAL_Driver/Src/stm32f1xx_hal_tim.o
                0x000000000800a624                HAL_TIM_Base_Start_IT
 .text.HAL_TIM_PWM_Init
                0x000000000800a6c8       0x9e ./Drivers/STM32F1xx_HAL_Driver/Src/stm32f1xx_hal_tim.o
                0x000000000800a6c8                HAL_TIM_PWM_Init
 *fill*         0x000000000800a766        0x2 
 .text.HAL_TIM_PWM_Start
                0x000000000800a768      0x144 ./Drivers/STM32F1xx_HAL_Driver/Src/stm32f1xx_hal_tim.o
                0x000000000800a768                HAL_TIM_PWM_Start
 .text.HAL_TIM_IRQHandler
                0x000000000800a8ac      0x210 ./Drivers/STM32F1xx_HAL_Driver/Src/stm32f1xx_hal_tim.o
                0x000000000800a8ac                HAL_TIM_IRQHandler
 .text.HAL_TIM_PWM_ConfigChannel
                0x000000000800aabc      0x17c ./Drivers/STM32F1xx_HAL_Driver/Src/stm32f1xx_hal_tim.o
                0x000000000800aabc                HAL_TIM_PWM_ConfigChannel
 .text.HAL_TIM_ConfigClockSource
                0x000000000800ac38      0x188 ./Drivers/STM32F1xx_HAL_Driver/Src/stm32f1xx_hal_tim.o
                0x000000000800ac38                HAL_TIM_ConfigClockSource
 .text.HAL_TIM_OC_DelayElapsedCallback
                0x000000000800adc0       0x12 ./Drivers/STM32F1xx_HAL_Driver/Src/stm32f1xx_hal_tim.o
                0x000000000800adc0                HAL_TIM_OC_DelayElapsedCallback
 .text.HAL_TIM_IC_CaptureCallback
                0x000000000800add2       0x12 ./Drivers/STM32F1xx_HAL_Driver/Src/stm32f1xx_hal_tim.o
                0x000000000800add2                HAL_TIM_IC_CaptureCallback
 .text.HAL_TIM_PWM_PulseFinishedCallback
                0x000000000800ade4       0x12 ./Drivers/STM32F1xx_HAL_Driver/Src/stm32f1xx_hal_tim.o
                0x000000000800ade4                HAL_TIM_PWM_PulseFinishedCallback
 .text.HAL_TIM_TriggerCallback
                0x000000000800adf6       0x12 ./Drivers/STM32F1xx_HAL_Driver/Src/stm32f1xx_hal_tim.o
                0x000000000800adf6                HAL_TIM_TriggerCallback
 .text.TIM_Base_SetConfig
                0x000000000800ae08       0xc4 ./Drivers/STM32F1xx_HAL_Driver/Src/stm32f1xx_hal_tim.o
                0x000000000800ae08                TIM_Base_SetConfig
 .text.TIM_OC1_SetConfig
                0x000000000800aecc       0xcc ./Drivers/STM32F1xx_HAL_Driver/Src/stm32f1xx_hal_tim.o
 .text.TIM_OC2_SetConfig
                0x000000000800af98       0xd4 ./Drivers/STM32F1xx_HAL_Driver/Src/stm32f1xx_hal_tim.o
                0x000000000800af98                TIM_OC2_SetConfig
 .text.TIM_OC3_SetConfig
                0x000000000800b06c       0xd4 ./Drivers/STM32F1xx_HAL_Driver/Src/stm32f1xx_hal_tim.o
 .text.TIM_OC4_SetConfig
                0x000000000800b140       0x9c ./Drivers/STM32F1xx_HAL_Driver/Src/stm32f1xx_hal_tim.o
 .text.TIM_TI1_ConfigInputStage
                0x000000000800b1dc       0x5c ./Drivers/STM32F1xx_HAL_Driver/Src/stm32f1xx_hal_tim.o
 .text.TIM_TI2_ConfigInputStage
                0x000000000800b238       0x5e ./Drivers/STM32F1xx_HAL_Driver/Src/stm32f1xx_hal_tim.o
 .text.TIM_ITRx_SetConfig
                0x000000000800b296       0x34 ./Drivers/STM32F1xx_HAL_Driver/Src/stm32f1xx_hal_tim.o
 .text.TIM_ETR_SetConfig
                0x000000000800b2ca       0x3e ./Drivers/STM32F1xx_HAL_Driver/Src/stm32f1xx_hal_tim.o
                0x000000000800b2ca                TIM_ETR_SetConfig
 .text.TIM_CCxChannelCmd
                0x000000000800b308       0x48 ./Drivers/STM32F1xx_HAL_Driver/Src/stm32f1xx_hal_tim.o
                0x000000000800b308                TIM_CCxChannelCmd
 .text.HAL_TIMEx_MasterConfigSynchronization
                0x000000000800b350       0xbc ./Drivers/STM32F1xx_HAL_Driver/Src/stm32f1xx_hal_tim_ex.o
                0x000000000800b350                HAL_TIMEx_MasterConfigSynchronization
 .text.HAL_TIMEx_CommutCallback
                0x000000000800b40c       0x12 ./Drivers/STM32F1xx_HAL_Driver/Src/stm32f1xx_hal_tim_ex.o
                0x000000000800b40c                HAL_TIMEx_CommutCallback
 .text.HAL_TIMEx_BreakCallback
                0x000000000800b41e       0x12 ./Drivers/STM32F1xx_HAL_Driver/Src/stm32f1xx_hal_tim_ex.o
                0x000000000800b41e                HAL_TIMEx_BreakCallback
 .text.__errno  0x000000000800b430        0xc d:/program files/stm32cubeide_1.4.0/stm32cubeide/plugins/com.st.stm32cube.ide.mcu.externaltools.gnu-tools-for-stm32.9-2020-q2-update.win32_2.0.0.202105311346/tools/bin/../lib/gcc/arm-none-eabi/9.3.1/../../../../arm-none-eabi/lib/thumb/v7-m/nofp\libc_nano.a(lib_a-errno.o)
                0x000000000800b430                __errno
 .text.__libc_init_array
                0x000000000800b43c       0x48 d:/program files/stm32cubeide_1.4.0/stm32cubeide/plugins/com.st.stm32cube.ide.mcu.externaltools.gnu-tools-for-stm32.9-2020-q2-update.win32_2.0.0.202105311346/tools/bin/../lib/gcc/arm-none-eabi/9.3.1/../../../../arm-none-eabi/lib/thumb/v7-m/nofp\libc_nano.a(lib_a-init.o)
                0x000000000800b43c                __libc_init_array
 .text.__itoa   0x000000000800b484       0x30 d:/program files/stm32cubeide_1.4.0/stm32cubeide/plugins/com.st.stm32cube.ide.mcu.externaltools.gnu-tools-for-stm32.9-2020-q2-update.win32_2.0.0.202105311346/tools/bin/../lib/gcc/arm-none-eabi/9.3.1/../../../../arm-none-eabi/lib/thumb/v7-m/nofp\libc_nano.a(lib_a-itoa.o)
                0x000000000800b484                __itoa
 .text.itoa     0x000000000800b4b4        0x4 d:/program files/stm32cubeide_1.4.0/stm32cubeide/plugins/com.st.stm32cube.ide.mcu.externaltools.gnu-tools-for-stm32.9-2020-q2-update.win32_2.0.0.202105311346/tools/bin/../lib/gcc/arm-none-eabi/9.3.1/../../../../arm-none-eabi/lib/thumb/v7-m/nofp\libc_nano.a(lib_a-itoa.o)
                0x000000000800b4b4                itoa
 .text.memset   0x000000000800b4b8       0x10 d:/program files/stm32cubeide_1.4.0/stm32cubeide/plugins/com.st.stm32cube.ide.mcu.externaltools.gnu-tools-for-stm32.9-2020-q2-update.win32_2.0.0.202105311346/tools/bin/../lib/gcc/arm-none-eabi/9.3.1/../../../../arm-none-eabi/lib/thumb/v7-m/nofp\libc_nano.a(lib_a-memset.o)
                0x000000000800b4b8                memset
 .text.snprintf
                0x000000000800b4c8       0x68 d:/program files/stm32cubeide_1.4.0/stm32cubeide/plugins/com.st.stm32cube.ide.mcu.externaltools.gnu-tools-for-stm32.9-2020-q2-update.win32_2.0.0.202105311346/tools/bin/../lib/gcc/arm-none-eabi/9.3.1/../../../../arm-none-eabi/lib/thumb/v7-m/nofp\libc_nano.a(lib_a-snprintf.o)
                0x000000000800b4c8                sniprintf
                0x000000000800b4c8                snprintf
 .text.__utoa   0x000000000800b530       0x84 d:/program files/stm32cubeide_1.4.0/stm32cubeide/plugins/com.st.stm32cube.ide.mcu.externaltools.gnu-tools-for-stm32.9-2020-q2-update.win32_2.0.0.202105311346/tools/bin/../lib/gcc/arm-none-eabi/9.3.1/../../../../arm-none-eabi/lib/thumb/v7-m/nofp\libc_nano.a(lib_a-utoa.o)
                0x000000000800b530                __utoa
 .text.__ssputs_r
                0x000000000800b5b4       0xb6 d:/program files/stm32cubeide_1.4.0/stm32cubeide/plugins/com.st.stm32cube.ide.mcu.externaltools.gnu-tools-for-stm32.9-2020-q2-update.win32_2.0.0.202105311346/tools/bin/../lib/gcc/arm-none-eabi/9.3.1/../../../../arm-none-eabi/lib/thumb/v7-m/nofp\libc_nano.a(lib_a-nano-svfprintf.o)
                0x000000000800b5b4                __ssputs_r
 *fill*         0x000000000800b66a        0x2 
 .text._svfprintf_r
                0x000000000800b66c      0x200 d:/program files/stm32cubeide_1.4.0/stm32cubeide/plugins/com.st.stm32cube.ide.mcu.externaltools.gnu-tools-for-stm32.9-2020-q2-update.win32_2.0.0.202105311346/tools/bin/../lib/gcc/arm-none-eabi/9.3.1/../../../../arm-none-eabi/lib/thumb/v7-m/nofp\libc_nano.a(lib_a-nano-svfprintf.o)
                0x000000000800b66c                _svfiprintf_r
                0x000000000800b66c                _svfprintf_r
 .text._printf_common
                0x000000000800b86c       0xde d:/program files/stm32cubeide_1.4.0/stm32cubeide/plugins/com.st.stm32cube.ide.mcu.externaltools.gnu-tools-for-stm32.9-2020-q2-update.win32_2.0.0.202105311346/tools/bin/../lib/gcc/arm-none-eabi/9.3.1/../../../../arm-none-eabi/lib/thumb/v7-m/nofp\libc_nano.a(lib_a-nano-vfprintf_i.o)
                0x000000000800b86c                _printf_common
 *fill*         0x000000000800b94a        0x2 
 .text._printf_i
                0x000000000800b94c      0x24c d:/program files/stm32cubeide_1.4.0/stm32cubeide/plugins/com.st.stm32cube.ide.mcu.externaltools.gnu-tools-for-stm32.9-2020-q2-update.win32_2.0.0.202105311346/tools/bin/../lib/gcc/arm-none-eabi/9.3.1/../../../../arm-none-eabi/lib/thumb/v7-m/nofp\libc_nano.a(lib_a-nano-vfprintf_i.o)
                0x000000000800b94c                _printf_i
 .text.memchr   0x000000000800bb98       0x1c d:/program files/stm32cubeide_1.4.0/stm32cubeide/plugins/com.st.stm32cube.ide.mcu.externaltools.gnu-tools-for-stm32.9-2020-q2-update.win32_2.0.0.202105311346/tools/bin/../lib/gcc/arm-none-eabi/9.3.1/../../../../arm-none-eabi/lib/thumb/v7-m/nofp\libc_nano.a(lib_a-memchr-stub.o)
                0x000000000800bb98                memchr
 .text.memcpy   0x000000000800bbb4       0x1c d:/program files/stm32cubeide_1.4.0/stm32cubeide/plugins/com.st.stm32cube.ide.mcu.externaltools.gnu-tools-for-stm32.9-2020-q2-update.win32_2.0.0.202105311346/tools/bin/../lib/gcc/arm-none-eabi/9.3.1/../../../../arm-none-eabi/lib/thumb/v7-m/nofp\libc_nano.a(lib_a-memcpy-stub.o)
                0x000000000800bbb4                memcpy
 .text.memmove  0x000000000800bbd0       0x34 d:/program files/stm32cubeide_1.4.0/stm32cubeide/plugins/com.st.stm32cube.ide.mcu.externaltools.gnu-tools-for-stm32.9-2020-q2-update.win32_2.0.0.202105311346/tools/bin/../lib/gcc/arm-none-eabi/9.3.1/../../../../arm-none-eabi/lib/thumb/v7-m/nofp\libc_nano.a(lib_a-memmove.o)
                0x000000000800bbd0                memmove
 .text._free_r  0x000000000800bc04       0x98 d:/program files/stm32cubeide_1.4.0/stm32cubeide/plugins/com.st.stm32cube.ide.mcu.externaltools.gnu-tools-for-stm32.9-2020-q2-update.win32_2.0.0.202105311346/tools/bin/../lib/gcc/arm-none-eabi/9.3.1/../../../../arm-none-eabi/lib/thumb/v7-m/nofp\libc_nano.a(lib_a-nano-freer.o)
                0x000000000800bc04                _free_r
 .text._malloc_r
                0x000000000800bc9c       0xb4 d:/program files/stm32cubeide_1.4.0/stm32cubeide/plugins/com.st.stm32cube.ide.mcu.externaltools.gnu-tools-for-stm32.9-2020-q2-update.win32_2.0.0.202105311346/tools/bin/../lib/gcc/arm-none-eabi/9.3.1/../../../../arm-none-eabi/lib/thumb/v7-m/nofp\libc_nano.a(lib_a-nano-mallocr.o)
                0x000000000800bc9c                _malloc_r
 .text._realloc_r
                0x000000000800bd50       0x4c d:/program files/stm32cubeide_1.4.0/stm32cubeide/plugins/com.st.stm32cube.ide.mcu.externaltools.gnu-tools-for-stm32.9-2020-q2-update.win32_2.0.0.202105311346/tools/bin/../lib/gcc/arm-none-eabi/9.3.1/../../../../arm-none-eabi/lib/thumb/v7-m/nofp\libc_nano.a(lib_a-nano-reallocr.o)
                0x000000000800bd50                _realloc_r
 .text._sbrk_r  0x000000000800bd9c       0x20 d:/program files/stm32cubeide_1.4.0/stm32cubeide/plugins/com.st.stm32cube.ide.mcu.externaltools.gnu-tools-for-stm32.9-2020-q2-update.win32_2.0.0.202105311346/tools/bin/../lib/gcc/arm-none-eabi/9.3.1/../../../../arm-none-eabi/lib/thumb/v7-m/nofp\libc_nano.a(lib_a-sbrkr.o)
                0x000000000800bd9c                _sbrk_r
 .text.__malloc_lock
                0x000000000800bdbc        0xc d:/program files/stm32cubeide_1.4.0/stm32cubeide/plugins/com.st.stm32cube.ide.mcu.externaltools.gnu-tools-for-stm32.9-2020-q2-update.win32_2.0.0.202105311346/tools/bin/../lib/gcc/arm-none-eabi/9.3.1/../../../../arm-none-eabi/lib/thumb/v7-m/nofp\libc_nano.a(lib_a-mlock.o)
                0x000000000800bdbc                __malloc_lock
 .text.__malloc_unlock
                0x000000000800bdc8        0xc d:/program files/stm32cubeide_1.4.0/stm32cubeide/plugins/com.st.stm32cube.ide.mcu.externaltools.gnu-tools-for-stm32.9-2020-q2-update.win32_2.0.0.202105311346/tools/bin/../lib/gcc/arm-none-eabi/9.3.1/../../../../arm-none-eabi/lib/thumb/v7-m/nofp\libc_nano.a(lib_a-mlock.o)
                0x000000000800bdc8                __malloc_unlock
 .text._malloc_usable_size_r
                0x000000000800bdd4       0x10 d:/program files/stm32cubeide_1.4.0/stm32cubeide/plugins/com.st.stm32cube.ide.mcu.externaltools.gnu-tools-for-stm32.9-2020-q2-update.win32_2.0.0.202105311346/tools/bin/../lib/gcc/arm-none-eabi/9.3.1/../../../../arm-none-eabi/lib/thumb/v7-m/nofp\libc_nano.a(lib_a-nano-msizer.o)
                0x000000000800bdd4                _malloc_usable_size_r
 .text.__retarget_lock_acquire_recursive
                0x000000000800bde4        0x2 d:/program files/stm32cubeide_1.4.0/stm32cubeide/plugins/com.st.stm32cube.ide.mcu.externaltools.gnu-tools-for-stm32.9-2020-q2-update.win32_2.0.0.202105311346/tools/bin/../lib/gcc/arm-none-eabi/9.3.1/../../../../arm-none-eabi/lib/thumb/v7-m/nofp\libc_nano.a(lib_a-lock.o)
                0x000000000800bde4                __retarget_lock_acquire_recursive
 .text.__retarget_lock_release_recursive
                0x000000000800bde6        0x2 d:/program files/stm32cubeide_1.4.0/stm32cubeide/plugins/com.st.stm32cube.ide.mcu.externaltools.gnu-tools-for-stm32.9-2020-q2-update.win32_2.0.0.202105311346/tools/bin/../lib/gcc/arm-none-eabi/9.3.1/../../../../arm-none-eabi/lib/thumb/v7-m/nofp\libc_nano.a(lib_a-lock.o)
                0x000000000800bde6                __retarget_lock_release_recursive
 *(.glue_7)
 .glue_7        0x000000000800bde8        0x0 linker stubs
 *(.glue_7t)
 .glue_7t       0x000000000800bde8        0x0 linker stubs
 *(.eh_frame)
 .eh_frame      0x000000000800bde8        0x0 d:/program files/stm32cubeide_1.4.0/stm32cubeide/plugins/com.st.stm32cube.ide.mcu.externaltools.gnu-tools-for-stm32.9-2020-q2-update.win32_2.0.0.202105311346/tools/bin/../lib/gcc/arm-none-eabi/9.3.1/thumb/v7-m/nofp/crtbegin.o
 *(.init)
 .init          0x000000000800bde8        0x4 d:/program files/stm32cubeide_1.4.0/stm32cubeide/plugins/com.st.stm32cube.ide.mcu.externaltools.gnu-tools-for-stm32.9-2020-q2-update.win32_2.0.0.202105311346/tools/bin/../lib/gcc/arm-none-eabi/9.3.1/thumb/v7-m/nofp/crti.o
                0x000000000800bde8                _init
 .init          0x000000000800bdec        0x8 d:/program files/stm32cubeide_1.4.0/stm32cubeide/plugins/com.st.stm32cube.ide.mcu.externaltools.gnu-tools-for-stm32.9-2020-q2-update.win32_2.0.0.202105311346/tools/bin/../lib/gcc/arm-none-eabi/9.3.1/thumb/v7-m/nofp/crtn.o
 *(.fini)
 .fini          0x000000000800bdf4        0x4 d:/program files/stm32cubeide_1.4.0/stm32cubeide/plugins/com.st.stm32cube.ide.mcu.externaltools.gnu-tools-for-stm32.9-2020-q2-update.win32_2.0.0.202105311346/tools/bin/../lib/gcc/arm-none-eabi/9.3.1/thumb/v7-m/nofp/crti.o
                0x000000000800bdf4                _fini
 .fini          0x000000000800bdf8        0x8 d:/program files/stm32cubeide_1.4.0/stm32cubeide/plugins/com.st.stm32cube.ide.mcu.externaltools.gnu-tools-for-stm32.9-2020-q2-update.win32_2.0.0.202105311346/tools/bin/../lib/gcc/arm-none-eabi/9.3.1/thumb/v7-m/nofp/crtn.o
                0x000000000800be00                . = ALIGN (0x4)
                0x000000000800be00                _etext = .

.vfp11_veneer   0x000000000800be00        0x0
 .vfp11_veneer  0x000000000800be00        0x0 linker stubs

.v4_bx          0x000000000800be00        0x0
 .v4_bx         0x000000000800be00        0x0 linker stubs

.iplt           0x000000000800be00        0x0
 .iplt          0x000000000800be00        0x0 d:/program files/stm32cubeide_1.4.0/stm32cubeide/plugins/com.st.stm32cube.ide.mcu.externaltools.gnu-tools-for-stm32.9-2020-q2-update.win32_2.0.0.202105311346/tools/bin/../lib/gcc/arm-none-eabi/9.3.1/thumb/v7-m/nofp/crtbegin.o

.rodata         0x000000000800be00     0x2b18
                0x000000000800be00                . = ALIGN (0x4)
 *(.rodata)
 .rodata        0x000000000800be00      0x1fa ./Core/Src/menu.o
 *fill*         0x000000000800bffa        0x2 
 .rodata        0x000000000800bffc       0x10 ./Drivers/STM32F1xx_HAL_Driver/Src/stm32f1xx_hal_rcc.o
 .rodata        0x000000000800c00c       0x10 ./Drivers/STM32F1xx_HAL_Driver/Src/stm32f1xx_hal_rcc_ex.o
 *(.rodata*)
 .rodata.Font7x10
                0x000000000800c01c      0x76c ./Core/Src/fonts.o
 .rodata.Font11x18
                0x000000000800c788      0xd5c ./Core/Src/fonts.o
 .rodata.Font16x26
                0x000000000800d4e4     0x134c ./Core/Src/fonts.o
 .rodata.init_cmds1
                0x000000000800e830       0x3b ./Core/Src/st7735.o
 *fill*         0x000000000800e86b        0x1 
 .rodata.init_cmds2
                0x000000000800e86c        0xd ./Core/Src/st7735.o
 *fill*         0x000000000800e879        0x3 
 .rodata.init_cmds3
                0x000000000800e87c       0x2b ./Core/Src/st7735.o
 *fill*         0x000000000800e8a7        0x1 
 .rodata.AHBPrescTable
                0x000000000800e8a8       0x10 ./Core/Src/system_stm32f1xx.o
                0x000000000800e8a8                AHBPrescTable
 .rodata.APBPrescTable
                0x000000000800e8b8        0x8 ./Core/Src/system_stm32f1xx.o
                0x000000000800e8b8                APBPrescTable
 .rodata.__utoa.str1.1
                0x000000000800e8c0       0x25 d:/program files/stm32cubeide_1.4.0/stm32cubeide/plugins/com.st.stm32cube.ide.mcu.externaltools.gnu-tools-for-stm32.9-2020-q2-update.win32_2.0.0.202105311346/tools/bin/../lib/gcc/arm-none-eabi/9.3.1/../../../../arm-none-eabi/lib/thumb/v7-m/nofp\libc_nano.a(lib_a-utoa.o)
 .rodata._svfprintf_r.str1.1
                0x000000000800e8e5       0x11 d:/program files/stm32cubeide_1.4.0/stm32cubeide/plugins/com.st.stm32cube.ide.mcu.externaltools.gnu-tools-for-stm32.9-2020-q2-update.win32_2.0.0.202105311346/tools/bin/../lib/gcc/arm-none-eabi/9.3.1/../../../../arm-none-eabi/lib/thumb/v7-m/nofp\libc_nano.a(lib_a-nano-svfprintf.o)
 .rodata._printf_i.str1.1
                0x000000000800e8f6       0x22 d:/program files/stm32cubeide_1.4.0/stm32cubeide/plugins/com.st.stm32cube.ide.mcu.externaltools.gnu-tools-for-stm32.9-2020-q2-update.win32_2.0.0.202105311346/tools/bin/../lib/gcc/arm-none-eabi/9.3.1/../../../../arm-none-eabi/lib/thumb/v7-m/nofp\libc_nano.a(lib_a-nano-vfprintf_i.o)
                0x000000000800e918                . = ALIGN (0x4)

.rel.dyn        0x000000000800e918        0x0
 .rel.iplt      0x000000000800e918        0x0 d:/program files/stm32cubeide_1.4.0/stm32cubeide/plugins/com.st.stm32cube.ide.mcu.externaltools.gnu-tools-for-stm32.9-2020-q2-update.win32_2.0.0.202105311346/tools/bin/../lib/gcc/arm-none-eabi/9.3.1/thumb/v7-m/nofp/crtbegin.o

.ARM.extab      0x000000000800e918        0x0
                0x000000000800e918                . = ALIGN (0x4)
 *(.ARM.extab* .gnu.linkonce.armextab.*)
                0x000000000800e918                . = ALIGN (0x4)

.ARM            0x000000000800e918        0x0
                0x000000000800e918                . = ALIGN (0x4)
                0x000000000800e918                __exidx_start = .
 *(.ARM.exidx*)
                0x000000000800e918                __exidx_end = .
                0x000000000800e918                . = ALIGN (0x4)

.preinit_array  0x000000000800e918        0x0
                0x000000000800e918                . = ALIGN (0x4)
                0x000000000800e918                PROVIDE (__preinit_array_start = .)
 *(.preinit_array*)
                0x000000000800e918                PROVIDE (__preinit_array_end = .)
                0x000000000800e918                . = ALIGN (0x4)

.init_array     0x000000000800e918        0x4
                0x000000000800e918                . = ALIGN (0x4)
                0x000000000800e918                PROVIDE (__init_array_start = .)
 *(SORT_BY_NAME(.init_array.*))
 *(.init_array*)
 .init_array    0x000000000800e918        0x4 d:/program files/stm32cubeide_1.4.0/stm32cubeide/plugins/com.st.stm32cube.ide.mcu.externaltools.gnu-tools-for-stm32.9-2020-q2-update.win32_2.0.0.202105311346/tools/bin/../lib/gcc/arm-none-eabi/9.3.1/thumb/v7-m/nofp/crtbegin.o
                0x000000000800e91c                PROVIDE (__init_array_end = .)
                0x000000000800e91c                . = ALIGN (0x4)

.fini_array     0x000000000800e91c        0x4
                0x000000000800e91c                . = ALIGN (0x4)
                [!provide]                        PROVIDE (__fini_array_start = .)
 *(SORT_BY_NAME(.fini_array.*))
 *(.fini_array*)
 .fini_array    0x000000000800e91c        0x4 d:/program files/stm32cubeide_1.4.0/stm32cubeide/plugins/com.st.stm32cube.ide.mcu.externaltools.gnu-tools-for-stm32.9-2020-q2-update.win32_2.0.0.202105311346/tools/bin/../lib/gcc/arm-none-eabi/9.3.1/thumb/v7-m/nofp/crtbegin.o
                [!provide]                        PROVIDE (__fini_array_end = .)
                0x000000000800e920                . = ALIGN (0x4)
                0x000000000800e920                _sidata = LOADADDR (.data)

.data           0x0000000020000000       0x98 load address 0x000000000800e920
                0x0000000020000000                . = ALIGN (0x4)
                0x0000000020000000                _sdata = .
 *(.data)
 *(.data*)
 .data.Font_7x10
                0x0000000020000000        0x8 ./Core/Src/fonts.o
                0x0000000020000000                Font_7x10
 .data.Font_11x18
                0x0000000020000008        0x8 ./Core/Src/fonts.o
                0x0000000020000008                Font_11x18
 .data.Font_16x26
                0x0000000020000010        0x8 ./Core/Src/fonts.o
                0x0000000020000010                Font_16x26
 .data.r        0x0000000020000018        0x1 ./Core/Src/main.o
                0x0000000020000018                r
 .data.Number_Menu
                0x0000000020000019        0x1 ./Core/Src/main.o
                0x0000000020000019                Number_Menu
 .data.cnt1     0x000000002000001a        0x1 ./Core/Src/menu.o
                0x000000002000001a                cnt1
 .data.cnt2     0x000000002000001b        0x1 ./Core/Src/menu.o
                0x000000002000001b                cnt2
 .data._data_rotation
                0x000000002000001c        0x4 ./Core/Src/st7735.o
 .data._height  0x0000000020000020        0x2 ./Core/Src/st7735.o
 .data._width   0x0000000020000022        0x2 ./Core/Src/st7735.o
 .data._xstart  0x0000000020000024        0x1 ./Core/Src/st7735.o
 .data._ystart  0x0000000020000025        0x1 ./Core/Src/st7735.o
 *fill*         0x0000000020000026        0x2 
 .data.SystemCoreClock
                0x0000000020000028        0x4 ./Core/Src/system_stm32f1xx.o
                0x0000000020000028                SystemCoreClock
 .data.uwTickPrio
                0x000000002000002c        0x4 ./Drivers/STM32F1xx_HAL_Driver/Src/stm32f1xx_hal.o
                0x000000002000002c                uwTickPrio
 .data.uwTickFreq
                0x0000000020000030        0x1 ./Drivers/STM32F1xx_HAL_Driver/Src/stm32f1xx_hal.o
                0x0000000020000030                uwTickFreq
 *fill*         0x0000000020000031        0x3 
 .data._impure_ptr
                0x0000000020000034        0x4 d:/program files/stm32cubeide_1.4.0/stm32cubeide/plugins/com.st.stm32cube.ide.mcu.externaltools.gnu-tools-for-stm32.9-2020-q2-update.win32_2.0.0.202105311346/tools/bin/../lib/gcc/arm-none-eabi/9.3.1/../../../../arm-none-eabi/lib/thumb/v7-m/nofp\libc_nano.a(lib_a-impure.o)
                0x0000000020000034                _impure_ptr
 .data.impure_data
                0x0000000020000038       0x60 d:/program files/stm32cubeide_1.4.0/stm32cubeide/plugins/com.st.stm32cube.ide.mcu.externaltools.gnu-tools-for-stm32.9-2020-q2-update.win32_2.0.0.202105311346/tools/bin/../lib/gcc/arm-none-eabi/9.3.1/../../../../arm-none-eabi/lib/thumb/v7-m/nofp\libc_nano.a(lib_a-impure.o)
                0x0000000020000098                . = ALIGN (0x4)
                0x0000000020000098                _edata = .

.igot.plt       0x0000000020000098        0x0 load address 0x000000000800e9b8
 .igot.plt      0x0000000020000098        0x0 d:/program files/stm32cubeide_1.4.0/stm32cubeide/plugins/com.st.stm32cube.ide.mcu.externaltools.gnu-tools-for-stm32.9-2020-q2-update.win32_2.0.0.202105311346/tools/bin/../lib/gcc/arm-none-eabi/9.3.1/thumb/v7-m/nofp/crtbegin.o
                0x0000000020000098                . = ALIGN (0x4)

.bss            0x0000000020000098      0x264 load address 0x000000000800e9b8
                0x0000000020000098                _sbss = .
                0x0000000020000098                __bss_start__ = _sbss
 *(.bss)
 .bss           0x0000000020000098       0x1c d:/program files/stm32cubeide_1.4.0/stm32cubeide/plugins/com.st.stm32cube.ide.mcu.externaltools.gnu-tools-for-stm32.9-2020-q2-update.win32_2.0.0.202105311346/tools/bin/../lib/gcc/arm-none-eabi/9.3.1/thumb/v7-m/nofp/crtbegin.o
 *(.bss*)
 .bss.flag_output_spi1
                0x00000000200000b4        0x1 ./Core/Src/main.o
                0x00000000200000b4                flag_output_spi1
 .bss.DOWN      0x00000000200000b5        0x1 ./Core/Src/main.o
                0x00000000200000b5                DOWN
 .bss.UP        0x00000000200000b6        0x1 ./Core/Src/main.o
                0x00000000200000b6                UP
 .bss.ENTER     0x00000000200000b7        0x1 ./Core/Src/main.o
                0x00000000200000b7                ENTER
 .bss.BACK      0x00000000200000b8        0x1 ./Core/Src/main.o
                0x00000000200000b8                BACK
 *fill*         0x00000000200000b9        0x3 
 .bss.time      0x00000000200000bc        0x4 ./Core/Src/main.o
                0x00000000200000bc                time
 .bss.choice    0x00000000200000c0        0x1 ./Core/Src/main.o
                0x00000000200000c0                choice
 *fill*         0x00000000200000c1        0x3 
 .bss.idMenu    0x00000000200000c4        0xc ./Core/Src/main.o
                0x00000000200000c4                idMenu
 .bss.What_Time
                0x00000000200000d0        0x2 ./Core/Src/main.o
                0x00000000200000d0                What_Time
 .bss.What_Date
                0x00000000200000d2        0x2 ./Core/Src/main.o
                0x00000000200000d2                What_Date
 .bss.sTime     0x00000000200000d4        0x3 ./Core/Src/menu.o
                0x00000000200000d4                sTime
 *fill*         0x00000000200000d7        0x1 
 .bss.DateToUpdate
                0x00000000200000d8        0x4 ./Core/Src/menu.o
                0x00000000200000d8                DateToUpdate
 .bss.trans_str
                0x00000000200000dc       0x40 ./Core/Src/menu.o
                0x00000000200000dc                trans_str
 .bss.SPI_rx_buf
                0x000000002000011c        0x1 ./Core/Src/menu.o
                0x000000002000011c                SPI_rx_buf
 *fill*         0x000000002000011d        0x3 
 .bss.SPI_tx_buf
                0x0000000020000120        0x1 ./Core/Src/menu.o
                0x0000000020000120                SPI_tx_buf
 .bss.step_DOWN
                0x0000000020000121        0x1 ./Core/Src/menu.o
                0x0000000020000121                step_DOWN
 .bss.step_UP   0x0000000020000122        0x1 ./Core/Src/menu.o
                0x0000000020000122                step_UP
 .bss.Check     0x0000000020000123        0x1 ./Core/Src/menu.o
                0x0000000020000123                Check
 .bss.Num_Menu  0x0000000020000124        0x1 ./Core/Src/menu.o
                0x0000000020000124                Num_Menu
 *fill*         0x0000000020000125        0x3 
 .bss.Status_AIN
                0x0000000020000128        0x8 ./Core/Src/menu.o
                0x0000000020000128                Status_AIN
 .bss.Status_DIN
                0x0000000020000130        0x8 ./Core/Src/menu.o
                0x0000000020000130                Status_DIN
 .bss.Status_PWM
                0x0000000020000138        0x8 ./Core/Src/menu.o
                0x0000000020000138                Status_PWM
 .bss.Status_OCD
                0x0000000020000140        0x8 ./Core/Src/menu.o
                0x0000000020000140                Status_OCD
 .bss.Status_1WR
                0x0000000020000148        0x8 ./Core/Src/menu.o
                0x0000000020000148                Status_1WR
 .bss.Count     0x0000000020000150        0x4 ./Core/Src/menu.o
                0x0000000020000150                Count
 .bss._value_rotation
                0x0000000020000154        0x1 ./Core/Src/st7735.o
 *fill*         0x0000000020000155        0x3 
 .bss.__sbrk_heap_end
                0x0000000020000158        0x4 ./Core/Src/sysmem.o
 .bss.__malloc_free_list
                0x000000002000015c        0x4 d:/program files/stm32cubeide_1.4.0/stm32cubeide/plugins/com.st.stm32cube.ide.mcu.externaltools.gnu-tools-for-stm32.9-2020-q2-update.win32_2.0.0.202105311346/tools/bin/../lib/gcc/arm-none-eabi/9.3.1/../../../../arm-none-eabi/lib/thumb/v7-m/nofp\libc_nano.a(lib_a-nano-mallocr.o)
                0x000000002000015c                __malloc_free_list
 .bss.__malloc_sbrk_start
                0x0000000020000160        0x4 d:/program files/stm32cubeide_1.4.0/stm32cubeide/plugins/com.st.stm32cube.ide.mcu.externaltools.gnu-tools-for-stm32.9-2020-q2-update.win32_2.0.0.202105311346/tools/bin/../lib/gcc/arm-none-eabi/9.3.1/../../../../arm-none-eabi/lib/thumb/v7-m/nofp\libc_nano.a(lib_a-nano-mallocr.o)
                0x0000000020000160                __malloc_sbrk_start
 *(COMMON)
 COMMON         0x0000000020000164       0x30 ./Core/Src/adc.o
                0x0000000020000164                hadc1
 COMMON         0x0000000020000194       0x14 ./Core/Src/rtc.o
                0x0000000020000194                hrtc
 COMMON         0x00000000200001a8       0xb0 ./Core/Src/spi.o
                0x00000000200001a8                hspi2
                0x0000000020000200                hspi1
 COMMON         0x0000000020000258       0x90 ./Core/Src/tim.o
                0x0000000020000258                htim1
                0x00000000200002a0                htim2
 COMMON         0x00000000200002e8        0x4 ./Drivers/STM32F1xx_HAL_Driver/Src/stm32f1xx_hal.o
                0x00000000200002e8                uwTick
 COMMON         0x00000000200002ec        0x4 d:/program files/stm32cubeide_1.4.0/stm32cubeide/plugins/com.st.stm32cube.ide.mcu.externaltools.gnu-tools-for-stm32.9-2020-q2-update.win32_2.0.0.202105311346/tools/bin/../lib/gcc/arm-none-eabi/9.3.1/../../../../arm-none-eabi/lib/thumb/v7-m/nofp\libc_nano.a(lib_a-reent.o)
                0x00000000200002ec                errno
 COMMON         0x00000000200002f0        0x9 d:/program files/stm32cubeide_1.4.0/stm32cubeide/plugins/com.st.stm32cube.ide.mcu.externaltools.gnu-tools-for-stm32.9-2020-q2-update.win32_2.0.0.202105311346/tools/bin/../lib/gcc/arm-none-eabi/9.3.1/../../../../arm-none-eabi/lib/thumb/v7-m/nofp\libc_nano.a(lib_a-lock.o)
                0x00000000200002f0                __lock___atexit_recursive_mutex
                0x00000000200002f1                __lock___arc4random_mutex
                0x00000000200002f2                __lock___env_recursive_mutex
                0x00000000200002f3                __lock___sinit_recursive_mutex
                0x00000000200002f4                __lock___malloc_recursive_mutex
                0x00000000200002f5                __lock___at_quick_exit_mutex
                0x00000000200002f6                __lock___dd_hash_mutex
                0x00000000200002f7                __lock___tz_mutex
                0x00000000200002f8                __lock___sfp_recursive_mutex
                0x00000000200002fc                . = ALIGN (0x4)
 *fill*         0x00000000200002f9        0x3 
                0x00000000200002fc                _ebss = .
                0x00000000200002fc                __bss_end__ = _ebss

._user_heap_stack
                0x00000000200002fc      0x604 load address 0x000000000800e9b8
                0x0000000020000300                . = ALIGN (0x8)
 *fill*         0x00000000200002fc        0x4 
                [!provide]                        PROVIDE (end = .)
                0x0000000020000300                PROVIDE (_end = .)
                0x0000000020000500                . = (. + _Min_Heap_Size)
 *fill*         0x0000000020000300      0x200 
                0x0000000020000900                . = (. + _Min_Stack_Size)
 *fill*         0x0000000020000500      0x400 
                0x0000000020000900                . = ALIGN (0x8)

/DISCARD/
 libc.a(*)
 libm.a(*)
 libgcc.a(*)

.ARM.attributes
                0x0000000000000000       0x29
 *(.ARM.attributes)
 .ARM.attributes
                0x0000000000000000       0x1d d:/program files/stm32cubeide_1.4.0/stm32cubeide/plugins/com.st.stm32cube.ide.mcu.externaltools.gnu-tools-for-stm32.9-2020-q2-update.win32_2.0.0.202105311346/tools/bin/../lib/gcc/arm-none-eabi/9.3.1/thumb/v7-m/nofp/crti.o
 .ARM.attributes
                0x000000000000001d       0x2d d:/program files/stm32cubeide_1.4.0/stm32cubeide/plugins/com.st.stm32cube.ide.mcu.externaltools.gnu-tools-for-stm32.9-2020-q2-update.win32_2.0.0.202105311346/tools/bin/../lib/gcc/arm-none-eabi/9.3.1/thumb/v7-m/nofp/crtbegin.o
 .ARM.attributes
                0x000000000000004a       0x2d ./Core/Src/adc.o
 .ARM.attributes
                0x0000000000000077       0x2d ./Core/Src/command.o
 .ARM.attributes
                0x00000000000000a4       0x33 ./Core/Src/fonts.o
 .ARM.attributes
                0x00000000000000d7       0x2d ./Core/Src/gpio.o
 .ARM.attributes
                0x0000000000000104       0x2d ./Core/Src/main.o
 .ARM.attributes
                0x0000000000000131       0x2d ./Core/Src/menu.o
 .ARM.attributes
                0x000000000000015e       0x2d ./Core/Src/rtc.o
 .ARM.attributes
                0x000000000000018b       0x2d ./Core/Src/spi.o
 .ARM.attributes
                0x00000000000001b8       0x2d ./Core/Src/st7735.o
 .ARM.attributes
                0x00000000000001e5       0x2d ./Core/Src/stm32f1xx_hal_msp.o
 .ARM.attributes
                0x0000000000000212       0x2d ./Core/Src/stm32f1xx_it.o
 .ARM.attributes
                0x000000000000023f       0x2d ./Core/Src/sysmem.o
 .ARM.attributes
                0x000000000000026c       0x2d ./Core/Src/system_stm32f1xx.o
 .ARM.attributes
                0x0000000000000299       0x2d ./Core/Src/tim.o
 .ARM.attributes
                0x00000000000002c6       0x21 ./Core/Startup/startup_stm32f103c8tx.o
 .ARM.attributes
                0x00000000000002e7       0x2d ./Drivers/STM32F1xx_HAL_Driver/Src/stm32f1xx_hal.o
 .ARM.attributes
                0x0000000000000314       0x2d ./Drivers/STM32F1xx_HAL_Driver/Src/stm32f1xx_hal_adc.o
 .ARM.attributes
                0x0000000000000341       0x2d ./Drivers/STM32F1xx_HAL_Driver/Src/stm32f1xx_hal_cortex.o
 .ARM.attributes
                0x000000000000036e       0x2d ./Drivers/STM32F1xx_HAL_Driver/Src/stm32f1xx_hal_dma.o
 .ARM.attributes
                0x000000000000039b       0x2d ./Drivers/STM32F1xx_HAL_Driver/Src/stm32f1xx_hal_gpio.o
 .ARM.attributes
                0x00000000000003c8       0x2d ./Drivers/STM32F1xx_HAL_Driver/Src/stm32f1xx_hal_pwr.o
 .ARM.attributes
                0x00000000000003f5       0x2d ./Drivers/STM32F1xx_HAL_Driver/Src/stm32f1xx_hal_rcc.o
 .ARM.attributes
                0x0000000000000422       0x2d ./Drivers/STM32F1xx_HAL_Driver/Src/stm32f1xx_hal_rcc_ex.o
 .ARM.attributes
                0x000000000000044f       0x2d ./Drivers/STM32F1xx_HAL_Driver/Src/stm32f1xx_hal_rtc.o
 .ARM.attributes
                0x000000000000047c       0x2d ./Drivers/STM32F1xx_HAL_Driver/Src/stm32f1xx_hal_spi.o
 .ARM.attributes
                0x00000000000004a9       0x2d ./Drivers/STM32F1xx_HAL_Driver/Src/stm32f1xx_hal_tim.o
 .ARM.attributes
                0x00000000000004d6       0x2d ./Drivers/STM32F1xx_HAL_Driver/Src/stm32f1xx_hal_tim_ex.o
 .ARM.attributes
                0x0000000000000503       0x2d d:/program files/stm32cubeide_1.4.0/stm32cubeide/plugins/com.st.stm32cube.ide.mcu.externaltools.gnu-tools-for-stm32.9-2020-q2-update.win32_2.0.0.202105311346/tools/bin/../lib/gcc/arm-none-eabi/9.3.1/../../../../arm-none-eabi/lib/thumb/v7-m/nofp\libc_nano.a(lib_a-errno.o)
 .ARM.attributes
                0x0000000000000530       0x2d d:/program files/stm32cubeide_1.4.0/stm32cubeide/plugins/com.st.stm32cube.ide.mcu.externaltools.gnu-tools-for-stm32.9-2020-q2-update.win32_2.0.0.202105311346/tools/bin/../lib/gcc/arm-none-eabi/9.3.1/../../../../arm-none-eabi/lib/thumb/v7-m/nofp\libc_nano.a(lib_a-impure.o)
 .ARM.attributes
                0x000000000000055d       0x2d d:/program files/stm32cubeide_1.4.0/stm32cubeide/plugins/com.st.stm32cube.ide.mcu.externaltools.gnu-tools-for-stm32.9-2020-q2-update.win32_2.0.0.202105311346/tools/bin/../lib/gcc/arm-none-eabi/9.3.1/../../../../arm-none-eabi/lib/thumb/v7-m/nofp\libc_nano.a(lib_a-init.o)
 .ARM.attributes
                0x000000000000058a       0x2d d:/program files/stm32cubeide_1.4.0/stm32cubeide/plugins/com.st.stm32cube.ide.mcu.externaltools.gnu-tools-for-stm32.9-2020-q2-update.win32_2.0.0.202105311346/tools/bin/../lib/gcc/arm-none-eabi/9.3.1/../../../../arm-none-eabi/lib/thumb/v7-m/nofp\libc_nano.a(lib_a-itoa.o)
 .ARM.attributes
                0x00000000000005b7       0x2d d:/program files/stm32cubeide_1.4.0/stm32cubeide/plugins/com.st.stm32cube.ide.mcu.externaltools.gnu-tools-for-stm32.9-2020-q2-update.win32_2.0.0.202105311346/tools/bin/../lib/gcc/arm-none-eabi/9.3.1/../../../../arm-none-eabi/lib/thumb/v7-m/nofp\libc_nano.a(lib_a-memset.o)
 .ARM.attributes
                0x00000000000005e4       0x2d d:/program files/stm32cubeide_1.4.0/stm32cubeide/plugins/com.st.stm32cube.ide.mcu.externaltools.gnu-tools-for-stm32.9-2020-q2-update.win32_2.0.0.202105311346/tools/bin/../lib/gcc/arm-none-eabi/9.3.1/../../../../arm-none-eabi/lib/thumb/v7-m/nofp\libc_nano.a(lib_a-snprintf.o)
 .ARM.attributes
                0x0000000000000611       0x2d d:/program files/stm32cubeide_1.4.0/stm32cubeide/plugins/com.st.stm32cube.ide.mcu.externaltools.gnu-tools-for-stm32.9-2020-q2-update.win32_2.0.0.202105311346/tools/bin/../lib/gcc/arm-none-eabi/9.3.1/../../../../arm-none-eabi/lib/thumb/v7-m/nofp\libc_nano.a(lib_a-utoa.o)
 .ARM.attributes
                0x000000000000063e       0x2d d:/program files/stm32cubeide_1.4.0/stm32cubeide/plugins/com.st.stm32cube.ide.mcu.externaltools.gnu-tools-for-stm32.9-2020-q2-update.win32_2.0.0.202105311346/tools/bin/../lib/gcc/arm-none-eabi/9.3.1/../../../../arm-none-eabi/lib/thumb/v7-m/nofp\libc_nano.a(lib_a-nano-svfprintf.o)
 .ARM.attributes
                0x000000000000066b       0x2d d:/program files/stm32cubeide_1.4.0/stm32cubeide/plugins/com.st.stm32cube.ide.mcu.externaltools.gnu-tools-for-stm32.9-2020-q2-update.win32_2.0.0.202105311346/tools/bin/../lib/gcc/arm-none-eabi/9.3.1/../../../../arm-none-eabi/lib/thumb/v7-m/nofp\libc_nano.a(lib_a-nano-vfprintf_i.o)
 .ARM.attributes
                0x0000000000000698       0x2d d:/program files/stm32cubeide_1.4.0/stm32cubeide/plugins/com.st.stm32cube.ide.mcu.externaltools.gnu-tools-for-stm32.9-2020-q2-update.win32_2.0.0.202105311346/tools/bin/../lib/gcc/arm-none-eabi/9.3.1/../../../../arm-none-eabi/lib/thumb/v7-m/nofp\libc_nano.a(lib_a-memchr-stub.o)
 .ARM.attributes
                0x00000000000006c5       0x2d d:/program files/stm32cubeide_1.4.0/stm32cubeide/plugins/com.st.stm32cube.ide.mcu.externaltools.gnu-tools-for-stm32.9-2020-q2-update.win32_2.0.0.202105311346/tools/bin/../lib/gcc/arm-none-eabi/9.3.1/../../../../arm-none-eabi/lib/thumb/v7-m/nofp\libc_nano.a(lib_a-memcpy-stub.o)
 .ARM.attributes
                0x00000000000006f2       0x2d d:/program files/stm32cubeide_1.4.0/stm32cubeide/plugins/com.st.stm32cube.ide.mcu.externaltools.gnu-tools-for-stm32.9-2020-q2-update.win32_2.0.0.202105311346/tools/bin/../lib/gcc/arm-none-eabi/9.3.1/../../../../arm-none-eabi/lib/thumb/v7-m/nofp\libc_nano.a(lib_a-memmove.o)
 .ARM.attributes
                0x000000000000071f       0x2d d:/program files/stm32cubeide_1.4.0/stm32cubeide/plugins/com.st.stm32cube.ide.mcu.externaltools.gnu-tools-for-stm32.9-2020-q2-update.win32_2.0.0.202105311346/tools/bin/../lib/gcc/arm-none-eabi/9.3.1/../../../../arm-none-eabi/lib/thumb/v7-m/nofp\libc_nano.a(lib_a-nano-freer.o)
 .ARM.attributes
                0x000000000000074c       0x2d d:/program files/stm32cubeide_1.4.0/stm32cubeide/plugins/com.st.stm32cube.ide.mcu.externaltools.gnu-tools-for-stm32.9-2020-q2-update.win32_2.0.0.202105311346/tools/bin/../lib/gcc/arm-none-eabi/9.3.1/../../../../arm-none-eabi/lib/thumb/v7-m/nofp\libc_nano.a(lib_a-nano-mallocr.o)
 .ARM.attributes
                0x0000000000000779       0x2d d:/program files/stm32cubeide_1.4.0/stm32cubeide/plugins/com.st.stm32cube.ide.mcu.externaltools.gnu-tools-for-stm32.9-2020-q2-update.win32_2.0.0.202105311346/tools/bin/../lib/gcc/arm-none-eabi/9.3.1/../../../../arm-none-eabi/lib/thumb/v7-m/nofp\libc_nano.a(lib_a-nano-reallocr.o)
 .ARM.attributes
                0x00000000000007a6       0x2d d:/program files/stm32cubeide_1.4.0/stm32cubeide/plugins/com.st.stm32cube.ide.mcu.externaltools.gnu-tools-for-stm32.9-2020-q2-update.win32_2.0.0.202105311346/tools/bin/../lib/gcc/arm-none-eabi/9.3.1/../../../../arm-none-eabi/lib/thumb/v7-m/nofp\libc_nano.a(lib_a-sbrkr.o)
 .ARM.attributes
                0x00000000000007d3       0x2d d:/program files/stm32cubeide_1.4.0/stm32cubeide/plugins/com.st.stm32cube.ide.mcu.externaltools.gnu-tools-for-stm32.9-2020-q2-update.win32_2.0.0.202105311346/tools/bin/../lib/gcc/arm-none-eabi/9.3.1/../../../../arm-none-eabi/lib/thumb/v7-m/nofp\libc_nano.a(lib_a-mlock.o)
 .ARM.attributes
                0x0000000000000800       0x2d d:/program files/stm32cubeide_1.4.0/stm32cubeide/plugins/com.st.stm32cube.ide.mcu.externaltools.gnu-tools-for-stm32.9-2020-q2-update.win32_2.0.0.202105311346/tools/bin/../lib/gcc/arm-none-eabi/9.3.1/../../../../arm-none-eabi/lib/thumb/v7-m/nofp\libc_nano.a(lib_a-nano-msizer.o)
 .ARM.attributes
                0x000000000000082d       0x2d d:/program files/stm32cubeide_1.4.0/stm32cubeide/plugins/com.st.stm32cube.ide.mcu.externaltools.gnu-tools-for-stm32.9-2020-q2-update.win32_2.0.0.202105311346/tools/bin/../lib/gcc/arm-none-eabi/9.3.1/../../../../arm-none-eabi/lib/thumb/v7-m/nofp\libc_nano.a(lib_a-reent.o)
 .ARM.attributes
                0x000000000000085a       0x2d d:/program files/stm32cubeide_1.4.0/stm32cubeide/plugins/com.st.stm32cube.ide.mcu.externaltools.gnu-tools-for-stm32.9-2020-q2-update.win32_2.0.0.202105311346/tools/bin/../lib/gcc/arm-none-eabi/9.3.1/../../../../arm-none-eabi/lib/thumb/v7-m/nofp\libc_nano.a(lib_a-lock.o)
 .ARM.attributes
                0x0000000000000887       0x1d d:/program files/stm32cubeide_1.4.0/stm32cubeide/plugins/com.st.stm32cube.ide.mcu.externaltools.gnu-tools-for-stm32.9-2020-q2-update.win32_2.0.0.202105311346/tools/bin/../lib/gcc/arm-none-eabi/9.3.1/thumb/v7-m/nofp/crtn.o
OUTPUT(MCU_Ind_Firmware.elf elf32-littlearm)
LOAD linker stubs
LOAD d:/program files/stm32cubeide_1.4.0/stm32cubeide/plugins/com.st.stm32cube.ide.mcu.externaltools.gnu-tools-for-stm32.9-2020-q2-update.win32_2.0.0.202105311346/tools/bin/../lib/gcc/arm-none-eabi/9.3.1/../../../../arm-none-eabi/lib/thumb/v7-m/nofp\libc.a
LOAD d:/program files/stm32cubeide_1.4.0/stm32cubeide/plugins/com.st.stm32cube.ide.mcu.externaltools.gnu-tools-for-stm32.9-2020-q2-update.win32_2.0.0.202105311346/tools/bin/../lib/gcc/arm-none-eabi/9.3.1/../../../../arm-none-eabi/lib/thumb/v7-m/nofp\libm.a
LOAD d:/program files/stm32cubeide_1.4.0/stm32cubeide/plugins/com.st.stm32cube.ide.mcu.externaltools.gnu-tools-for-stm32.9-2020-q2-update.win32_2.0.0.202105311346/tools/bin/../lib/gcc/arm-none-eabi/9.3.1/thumb/v7-m/nofp\libgcc.a

.debug_info     0x0000000000000000    0x1e8b8
 .debug_info    0x0000000000000000     0x1955 ./Core/Src/adc.o
 .debug_info    0x0000000000001955     0x1aa8 ./Core/Src/command.o
 .debug_info    0x00000000000033fd      0x1ae ./Core/Src/fonts.o
 .debug_info    0x00000000000035ab     0x1a01 ./Core/Src/gpio.o
 .debug_info    0x0000000000004fac     0x1b0b ./Core/Src/main.o
 .debug_info    0x0000000000006ab7     0x239f ./Core/Src/menu.o
 .debug_info    0x0000000000008e56     0x1874 ./Core/Src/rtc.o
 .debug_info    0x000000000000a6ca     0x1aa9 ./Core/Src/spi.o
 .debug_info    0x000000000000c173     0x26e1 ./Core/Src/st7735.o
 .debug_info    0x000000000000e854     0x183f ./Core/Src/stm32f1xx_hal_msp.o
 .debug_info    0x0000000000010093     0x17ad ./Core/Src/stm32f1xx_it.o
 .debug_info    0x0000000000011840      0xa25 ./Core/Src/sysmem.o
 .debug_info    0x0000000000012265      0x2be ./Core/Src/system_stm32f1xx.o
 .debug_info    0x0000000000012523     0x1c23 ./Core/Src/tim.o
 .debug_info    0x0000000000014146       0x22 ./Core/Startup/startup_stm32f103c8tx.o
 .debug_info    0x0000000000014168      0x76a ./Drivers/STM32F1xx_HAL_Driver/Src/stm32f1xx_hal.o
 .debug_info    0x00000000000148d2      0xd2d ./Drivers/STM32F1xx_HAL_Driver/Src/stm32f1xx_hal_adc.o
 .debug_info    0x00000000000155ff      0xbdc ./Drivers/STM32F1xx_HAL_Driver/Src/stm32f1xx_hal_cortex.o
 .debug_info    0x00000000000161db      0x81e ./Drivers/STM32F1xx_HAL_Driver/Src/stm32f1xx_hal_dma.o
 .debug_info    0x00000000000169f9      0x701 ./Drivers/STM32F1xx_HAL_Driver/Src/stm32f1xx_hal_gpio.o
 .debug_info    0x00000000000170fa      0x730 ./Drivers/STM32F1xx_HAL_Driver/Src/stm32f1xx_hal_pwr.o
 .debug_info    0x000000000001782a      0x88e ./Drivers/STM32F1xx_HAL_Driver/Src/stm32f1xx_hal_rcc.o
 .debug_info    0x00000000000180b8      0x480 ./Drivers/STM32F1xx_HAL_Driver/Src/stm32f1xx_hal_rcc_ex.o
 .debug_info    0x0000000000018538      0xdf9 ./Drivers/STM32F1xx_HAL_Driver/Src/stm32f1xx_hal_rtc.o
 .debug_info    0x0000000000019331     0x16af ./Drivers/STM32F1xx_HAL_Driver/Src/stm32f1xx_hal_spi.o
 .debug_info    0x000000000001a9e0     0x2a43 ./Drivers/STM32F1xx_HAL_Driver/Src/stm32f1xx_hal_tim.o
 .debug_info    0x000000000001d423     0x1495 ./Drivers/STM32F1xx_HAL_Driver/Src/stm32f1xx_hal_tim_ex.o

.debug_abbrev   0x0000000000000000     0x38e5
 .debug_abbrev  0x0000000000000000      0x23a ./Core/Src/adc.o
 .debug_abbrev  0x000000000000023a      0x2c3 ./Core/Src/command.o
 .debug_abbrev  0x00000000000004fd       0xad ./Core/Src/fonts.o
 .debug_abbrev  0x00000000000005aa      0x207 ./Core/Src/gpio.o
 .debug_abbrev  0x00000000000007b1      0x275 ./Core/Src/main.o
 .debug_abbrev  0x0000000000000a26      0x316 ./Core/Src/menu.o
 .debug_abbrev  0x0000000000000d3c      0x24b ./Core/Src/rtc.o
 .debug_abbrev  0x0000000000000f87      0x243 ./Core/Src/spi.o
 .debug_abbrev  0x00000000000011ca      0x32b ./Core/Src/st7735.o
 .debug_abbrev  0x00000000000014f5      0x1fe ./Core/Src/stm32f1xx_hal_msp.o
 .debug_abbrev  0x00000000000016f3      0x1f3 ./Core/Src/stm32f1xx_it.o
 .debug_abbrev  0x00000000000018e6      0x1bf ./Core/Src/sysmem.o
 .debug_abbrev  0x0000000000001aa5      0x14e ./Core/Src/system_stm32f1xx.o
 .debug_abbrev  0x0000000000001bf3      0x254 ./Core/Src/tim.o
 .debug_abbrev  0x0000000000001e47       0x12 ./Core/Startup/startup_stm32f103c8tx.o
 .debug_abbrev  0x0000000000001e59      0x1ed ./Drivers/STM32F1xx_HAL_Driver/Src/stm32f1xx_hal.o
 .debug_abbrev  0x0000000000002046      0x1fb ./Drivers/STM32F1xx_HAL_Driver/Src/stm32f1xx_hal_adc.o
 .debug_abbrev  0x0000000000002241      0x313 ./Drivers/STM32F1xx_HAL_Driver/Src/stm32f1xx_hal_cortex.o
 .debug_abbrev  0x0000000000002554      0x228 ./Drivers/STM32F1xx_HAL_Driver/Src/stm32f1xx_hal_dma.o
 .debug_abbrev  0x000000000000277c      0x1e8 ./Drivers/STM32F1xx_HAL_Driver/Src/stm32f1xx_hal_gpio.o
 .debug_abbrev  0x0000000000002964      0x213 ./Drivers/STM32F1xx_HAL_Driver/Src/stm32f1xx_hal_pwr.o
 .debug_abbrev  0x0000000000002b77      0x273 ./Drivers/STM32F1xx_HAL_Driver/Src/stm32f1xx_hal_rcc.o
 .debug_abbrev  0x0000000000002dea      0x193 ./Drivers/STM32F1xx_HAL_Driver/Src/stm32f1xx_hal_rcc_ex.o
 .debug_abbrev  0x0000000000002f7d      0x236 ./Drivers/STM32F1xx_HAL_Driver/Src/stm32f1xx_hal_rtc.o
 .debug_abbrev  0x00000000000031b3      0x26e ./Drivers/STM32F1xx_HAL_Driver/Src/stm32f1xx_hal_spi.o
 .debug_abbrev  0x0000000000003421      0x25e ./Drivers/STM32F1xx_HAL_Driver/Src/stm32f1xx_hal_tim.o
 .debug_abbrev  0x000000000000367f      0x266 ./Drivers/STM32F1xx_HAL_Driver/Src/stm32f1xx_hal_tim_ex.o

.debug_aranges  0x0000000000000000     0x1250
 .debug_aranges
                0x0000000000000000       0x30 ./Core/Src/adc.o
 .debug_aranges
                0x0000000000000030       0x98 ./Core/Src/command.o
 .debug_aranges
                0x00000000000000c8       0x18 ./Core/Src/fonts.o
 .debug_aranges
                0x00000000000000e0       0x20 ./Core/Src/gpio.o
 .debug_aranges
                0x0000000000000100       0x48 ./Core/Src/main.o
 .debug_aranges
                0x0000000000000148      0x108 ./Core/Src/menu.o
 .debug_aranges
                0x0000000000000250       0x30 ./Core/Src/rtc.o
 .debug_aranges
                0x0000000000000280       0x38 ./Core/Src/spi.o
 .debug_aranges
                0x00000000000002b8      0x128 ./Core/Src/st7735.o
 .debug_aranges
                0x00000000000003e0       0x20 ./Core/Src/stm32f1xx_hal_msp.o
 .debug_aranges
                0x0000000000000400       0x80 ./Core/Src/stm32f1xx_it.o
 .debug_aranges
                0x0000000000000480       0x20 ./Core/Src/sysmem.o
 .debug_aranges
                0x00000000000004a0       0x28 ./Core/Src/system_stm32f1xx.o
 .debug_aranges
                0x00000000000004c8       0x50 ./Core/Src/tim.o
 .debug_aranges
                0x0000000000000518       0x28 ./Core/Startup/startup_stm32f103c8tx.o
 .debug_aranges
                0x0000000000000540       0xe0 ./Drivers/STM32F1xx_HAL_Driver/Src/stm32f1xx_hal.o
 .debug_aranges
                0x0000000000000620       0xf0 ./Drivers/STM32F1xx_HAL_Driver/Src/stm32f1xx_hal_adc.o
 .debug_aranges
                0x0000000000000710      0x100 ./Drivers/STM32F1xx_HAL_Driver/Src/stm32f1xx_hal_cortex.o
 .debug_aranges
                0x0000000000000810       0x80 ./Drivers/STM32F1xx_HAL_Driver/Src/stm32f1xx_hal_dma.o
 .debug_aranges
                0x0000000000000890       0x58 ./Drivers/STM32F1xx_HAL_Driver/Src/stm32f1xx_hal_gpio.o
 .debug_aranges
                0x00000000000008e8       0xa8 ./Drivers/STM32F1xx_HAL_Driver/Src/stm32f1xx_hal_pwr.o
 .debug_aranges
                0x0000000000000990       0x90 ./Drivers/STM32F1xx_HAL_Driver/Src/stm32f1xx_hal_rcc.o
 .debug_aranges
                0x0000000000000a20       0x30 ./Drivers/STM32F1xx_HAL_Driver/Src/stm32f1xx_hal_rcc_ex.o
 .debug_aranges
                0x0000000000000a50       0xf8 ./Drivers/STM32F1xx_HAL_Driver/Src/stm32f1xx_hal_rtc.o
 .debug_aranges
                0x0000000000000b48      0x1d0 ./Drivers/STM32F1xx_HAL_Driver/Src/stm32f1xx_hal_spi.o
 .debug_aranges
                0x0000000000000d18      0x3d0 ./Drivers/STM32F1xx_HAL_Driver/Src/stm32f1xx_hal_tim.o
 .debug_aranges
                0x00000000000010e8      0x168 ./Drivers/STM32F1xx_HAL_Driver/Src/stm32f1xx_hal_tim_ex.o

.debug_ranges   0x0000000000000000     0x10a0
 .debug_ranges  0x0000000000000000       0x20 ./Core/Src/adc.o
 .debug_ranges  0x0000000000000020       0x88 ./Core/Src/command.o
 .debug_ranges  0x00000000000000a8       0x10 ./Core/Src/gpio.o
 .debug_ranges  0x00000000000000b8       0x38 ./Core/Src/main.o
 .debug_ranges  0x00000000000000f0       0xf8 ./Core/Src/menu.o
 .debug_ranges  0x00000000000001e8       0x20 ./Core/Src/rtc.o
 .debug_ranges  0x0000000000000208       0x28 ./Core/Src/spi.o
 .debug_ranges  0x0000000000000230      0x118 ./Core/Src/st7735.o
 .debug_ranges  0x0000000000000348       0x10 ./Core/Src/stm32f1xx_hal_msp.o
 .debug_ranges  0x0000000000000358       0x70 ./Core/Src/stm32f1xx_it.o
 .debug_ranges  0x00000000000003c8       0x10 ./Core/Src/sysmem.o
 .debug_ranges  0x00000000000003d8       0x18 ./Core/Src/system_stm32f1xx.o
 .debug_ranges  0x00000000000003f0       0x40 ./Core/Src/tim.o
 .debug_ranges  0x0000000000000430       0x20 ./Core/Startup/startup_stm32f103c8tx.o
 .debug_ranges  0x0000000000000450       0xd0 ./Drivers/STM32F1xx_HAL_Driver/Src/stm32f1xx_hal.o
 .debug_ranges  0x0000000000000520       0xe0 ./Drivers/STM32F1xx_HAL_Driver/Src/stm32f1xx_hal_adc.o
 .debug_ranges  0x0000000000000600       0xf0 ./Drivers/STM32F1xx_HAL_Driver/Src/stm32f1xx_hal_cortex.o
 .debug_ranges  0x00000000000006f0       0x70 ./Drivers/STM32F1xx_HAL_Driver/Src/stm32f1xx_hal_dma.o
 .debug_ranges  0x0000000000000760       0x48 ./Drivers/STM32F1xx_HAL_Driver/Src/stm32f1xx_hal_gpio.o
 .debug_ranges  0x00000000000007a8       0x98 ./Drivers/STM32F1xx_HAL_Driver/Src/stm32f1xx_hal_pwr.o
 .debug_ranges  0x0000000000000840       0x80 ./Drivers/STM32F1xx_HAL_Driver/Src/stm32f1xx_hal_rcc.o
 .debug_ranges  0x00000000000008c0       0x20 ./Drivers/STM32F1xx_HAL_Driver/Src/stm32f1xx_hal_rcc_ex.o
 .debug_ranges  0x00000000000008e0       0xe8 ./Drivers/STM32F1xx_HAL_Driver/Src/stm32f1xx_hal_rtc.o
 .debug_ranges  0x00000000000009c8      0x1c0 ./Drivers/STM32F1xx_HAL_Driver/Src/stm32f1xx_hal_spi.o
 .debug_ranges  0x0000000000000b88      0x3c0 ./Drivers/STM32F1xx_HAL_Driver/Src/stm32f1xx_hal_tim.o
 .debug_ranges  0x0000000000000f48      0x158 ./Drivers/STM32F1xx_HAL_Driver/Src/stm32f1xx_hal_tim_ex.o

.debug_macro    0x0000000000000000    0x1b741
 .debug_macro   0x0000000000000000      0x3e0 ./Core/Src/adc.o
 .debug_macro   0x00000000000003e0      0xa9c ./Core/Src/adc.o
 .debug_macro   0x0000000000000e7c      0x227 ./Core/Src/adc.o
 .debug_macro   0x00000000000010a3       0x2e ./Core/Src/adc.o
 .debug_macro   0x00000000000010d1       0x22 ./Core/Src/adc.o
 .debug_macro   0x00000000000010f3       0x22 ./Core/Src/adc.o
 .debug_macro   0x0000000000001115       0x8e ./Core/Src/adc.o
 .debug_macro   0x00000000000011a3       0x51 ./Core/Src/adc.o
 .debug_macro   0x00000000000011f4      0x103 ./Core/Src/adc.o
 .debug_macro   0x00000000000012f7       0x6a ./Core/Src/adc.o
 .debug_macro   0x0000000000001361      0x1df ./Core/Src/adc.o
 .debug_macro   0x0000000000001540       0x1c ./Core/Src/adc.o
 .debug_macro   0x000000000000155c       0x22 ./Core/Src/adc.o
 .debug_macro   0x000000000000157e       0xc3 ./Core/Src/adc.o
 .debug_macro   0x0000000000001641      0xd23 ./Core/Src/adc.o
 .debug_macro   0x0000000000002364     0xe097 ./Core/Src/adc.o
 .debug_macro   0x00000000000103fb       0x43 ./Core/Src/adc.o
 .debug_macro   0x000000000001043e     0x3468 ./Core/Src/adc.o
 .debug_macro   0x00000000000138a6      0x174 ./Core/Src/adc.o
 .debug_macro   0x0000000000013a1a       0x5c ./Core/Src/adc.o
 .debug_macro   0x0000000000013a76      0x5be ./Core/Src/adc.o
 .debug_macro   0x0000000000014034      0x289 ./Core/Src/adc.o
 .debug_macro   0x00000000000142bd      0x1cb ./Core/Src/adc.o
 .debug_macro   0x0000000000014488      0x114 ./Core/Src/adc.o
 .debug_macro   0x000000000001459c      0x1b2 ./Core/Src/adc.o
 .debug_macro   0x000000000001474e       0x27 ./Core/Src/adc.o
 .debug_macro   0x0000000000014775      0x136 ./Core/Src/adc.o
 .debug_macro   0x00000000000148ab      0x1bc ./Core/Src/adc.o
 .debug_macro   0x0000000000014a67       0x34 ./Core/Src/adc.o
 .debug_macro   0x0000000000014a9b       0x3c ./Core/Src/adc.o
 .debug_macro   0x0000000000014ad7       0x57 ./Core/Src/adc.o
 .debug_macro   0x0000000000014b2e      0x46a ./Core/Src/adc.o
 .debug_macro   0x0000000000014f98      0x1b5 ./Core/Src/adc.o
 .debug_macro   0x000000000001514d       0x88 ./Core/Src/adc.o
 .debug_macro   0x00000000000151d5      0x241 ./Core/Src/adc.o
 .debug_macro   0x0000000000015416      0x141 ./Core/Src/adc.o
 .debug_macro   0x0000000000015557      0x1ef ./Core/Src/adc.o
 .debug_macro   0x0000000000015746       0xec ./Core/Src/adc.o
 .debug_macro   0x0000000000015832      0x217 ./Core/Src/adc.o
 .debug_macro   0x0000000000015a49      0x8d1 ./Core/Src/adc.o
 .debug_macro   0x000000000001631a       0x83 ./Core/Src/adc.o
 .debug_macro   0x000000000001639d       0x46 ./Core/Src/adc.o
 .debug_macro   0x00000000000163e3       0x22 ./Core/Src/adc.o
 .debug_macro   0x0000000000016405      0x154 ./Core/Src/adc.o
 .debug_macro   0x0000000000016559       0x18 ./Core/Src/adc.o
 .debug_macro   0x0000000000016571       0x52 ./Core/Src/adc.o
 .debug_macro   0x00000000000165c3       0x3c ./Core/Src/adc.o
 .debug_macro   0x00000000000165ff       0x34 ./Core/Src/adc.o
 .debug_macro   0x0000000000016633       0x16 ./Core/Src/adc.o
 .debug_macro   0x0000000000016649       0x35 ./Core/Src/adc.o
 .debug_macro   0x000000000001667e       0x16 ./Core/Src/adc.o
 .debug_macro   0x0000000000016694       0x43 ./Core/Src/adc.o
 .debug_macro   0x00000000000166d7       0x34 ./Core/Src/adc.o
 .debug_macro   0x000000000001670b       0x10 ./Core/Src/adc.o
 .debug_macro   0x000000000001671b       0x58 ./Core/Src/adc.o
 .debug_macro   0x0000000000016773       0x71 ./Core/Src/adc.o
 .debug_macro   0x00000000000167e4       0x1c ./Core/Src/adc.o
 .debug_macro   0x0000000000016800      0x12a ./Core/Src/adc.o
 .debug_macro   0x000000000001692a      0x333 ./Core/Src/adc.o
 .debug_macro   0x0000000000016c5d       0x16 ./Core/Src/adc.o
 .debug_macro   0x0000000000016c73       0x29 ./Core/Src/adc.o
 .debug_macro   0x0000000000016c9c       0x1c ./Core/Src/adc.o
 .debug_macro   0x0000000000016cb8       0x10 ./Core/Src/adc.o
 .debug_macro   0x0000000000016cc8       0x10 ./Core/Src/adc.o
 .debug_macro   0x0000000000016cd8       0x1c ./Core/Src/adc.o
 .debug_macro   0x0000000000016cf4       0x52 ./Core/Src/adc.o
 .debug_macro   0x0000000000016d46       0x22 ./Core/Src/adc.o
 .debug_macro   0x0000000000016d68       0x10 ./Core/Src/adc.o
 .debug_macro   0x0000000000016d78       0x40 ./Core/Src/adc.o
 .debug_macro   0x0000000000016db8       0xd5 ./Core/Src/adc.o
 .debug_macro   0x0000000000016e8d       0x1c ./Core/Src/adc.o
 .debug_macro   0x0000000000016ea9       0x3d ./Core/Src/adc.o
 .debug_macro   0x0000000000016ee6       0x16 ./Core/Src/adc.o
 .debug_macro   0x0000000000016efc      0x145 ./Core/Src/adc.o
 .debug_macro   0x0000000000017041      0x300 ./Core/Src/adc.o
 .debug_macro   0x0000000000017341      0x3fe ./Core/Src/command.o
 .debug_macro   0x000000000001773f       0x6d ./Core/Src/fonts.o
 .debug_macro   0x00000000000177ac      0x3e0 ./Core/Src/gpio.o
 .debug_macro   0x0000000000017b8c      0x3f8 ./Core/Src/main.o
 .debug_macro   0x0000000000017f84      0x430 ./Core/Src/menu.o
 .debug_macro   0x00000000000183b4      0x3e0 ./Core/Src/rtc.o
 .debug_macro   0x0000000000018794      0x3e0 ./Core/Src/spi.o
 .debug_macro   0x0000000000018b74      0x42c ./Core/Src/st7735.o
 .debug_macro   0x0000000000018fa0       0x40 ./Core/Src/st7735.o
 .debug_macro   0x0000000000018fe0      0x3dc ./Core/Src/stm32f1xx_hal_msp.o
 .debug_macro   0x00000000000193bc      0x3e6 ./Core/Src/stm32f1xx_it.o
 .debug_macro   0x00000000000197a2       0xff ./Core/Src/sysmem.o
 .debug_macro   0x00000000000198a1      0x23b ./Core/Src/sysmem.o
 .debug_macro   0x0000000000019adc      0x1cb ./Core/Src/system_stm32f1xx.o
 .debug_macro   0x0000000000019ca7      0x3e0 ./Core/Src/tim.o
 .debug_macro   0x000000000001a087      0x1ef ./Drivers/STM32F1xx_HAL_Driver/Src/stm32f1xx_hal.o
 .debug_macro   0x000000000001a276      0x1e8 ./Drivers/STM32F1xx_HAL_Driver/Src/stm32f1xx_hal_adc.o
 .debug_macro   0x000000000001a45e      0x1cb ./Drivers/STM32F1xx_HAL_Driver/Src/stm32f1xx_hal_cortex.o
 .debug_macro   0x000000000001a629      0x1cb ./Drivers/STM32F1xx_HAL_Driver/Src/stm32f1xx_hal_dma.o
 .debug_macro   0x000000000001a7f4      0x236 ./Drivers/STM32F1xx_HAL_Driver/Src/stm32f1xx_hal_gpio.o
 .debug_macro   0x000000000001aa2a      0x22b ./Drivers/STM32F1xx_HAL_Driver/Src/stm32f1xx_hal_pwr.o
 .debug_macro   0x000000000001ac55      0x1dd ./Drivers/STM32F1xx_HAL_Driver/Src/stm32f1xx_hal_rcc.o
 .debug_macro   0x000000000001ae32      0x1cb ./Drivers/STM32F1xx_HAL_Driver/Src/stm32f1xx_hal_rcc_ex.o
 .debug_macro   0x000000000001affd      0x1da ./Drivers/STM32F1xx_HAL_Driver/Src/stm32f1xx_hal_rtc.o
 .debug_macro   0x000000000001b1d7      0x1d3 ./Drivers/STM32F1xx_HAL_Driver/Src/stm32f1xx_hal_spi.o
 .debug_macro   0x000000000001b3aa      0x1cc ./Drivers/STM32F1xx_HAL_Driver/Src/stm32f1xx_hal_tim.o
 .debug_macro   0x000000000001b576      0x1cb ./Drivers/STM32F1xx_HAL_Driver/Src/stm32f1xx_hal_tim_ex.o

.debug_line     0x0000000000000000    0x181c3
 .debug_line    0x0000000000000000      0x9f8 ./Core/Src/adc.o
 .debug_line    0x00000000000009f8      0xc10 ./Core/Src/command.o
 .debug_line    0x0000000000001608      0x3b6 ./Core/Src/fonts.o
 .debug_line    0x00000000000019be      0x9c7 ./Core/Src/gpio.o
 .debug_line    0x0000000000002385      0xdbf ./Core/Src/main.o
 .debug_line    0x0000000000003144     0x21c8 ./Core/Src/menu.o
 .debug_line    0x000000000000530c      0x9f5 ./Core/Src/rtc.o
 .debug_line    0x0000000000005d01      0xa72 ./Core/Src/spi.o
 .debug_line    0x0000000000006773     0x1554 ./Core/Src/st7735.o
 .debug_line    0x0000000000007cc7      0x994 ./Core/Src/stm32f1xx_hal_msp.o
 .debug_line    0x000000000000865b      0xab1 ./Core/Src/stm32f1xx_it.o
 .debug_line    0x000000000000910c      0x52f ./Core/Src/sysmem.o
 .debug_line    0x000000000000963b      0x788 ./Core/Src/system_stm32f1xx.o
 .debug_line    0x0000000000009dc3      0xab5 ./Core/Src/tim.o
 .debug_line    0x000000000000a878       0x84 ./Core/Startup/startup_stm32f103c8tx.o