command.c:22:6:USART_Tx	16	static
command.c:29:6:send_str	24	static
command.c:41:9:SPI_RW	16	static
command.c:62:7:Conv_ADC1	24	static
command.c:78:10:Get_ADC1	16	static
command.c:93:10:Send_RDSR_command	16	static
command.c:108:6:Send_WRITE_command	16	static
command.c:121:9:Send_READ_command	24	static
command.c:139:10:Send_READ_command_2B	24	static
command.c:166:6:Binary_page_mode	8	static
command.c:176:6:Data_flash_page_mode	8	static
command.c:186:6:Freeze_Sector_Lockdown	8	static
command.c:197:6:Init_Card	4	static
command.c:250:6:BackLight	16	static
command.c:256:6:Rising	24	static
command.c:270:6:Faling	24	static
