menu.c:54:6:loading	24	static
menu.c:64:6:Send_READ_Status_Outputs	32	static
menu.c:152:9:Data_Block	24	static
menu.c:163:6:DataUpdate	8	static
menu.c:178:9:Main_Menu	32	static
menu.c:213:9:One_Menu	32	static
menu.c:296:9:Two_Menu	32	static
menu.c:361:9:Three_Menu	32	static
menu.c:511:9:Four_Menu	32	static
menu.c:660:9:Five_Menu	32	static
menu.c:809:9:Six_Menu	32	static
menu.c:842:9:Seven_Menu	32	static
menu.c:906:9:Item_Selection	16	static
menu.c:1530:9:Back	16	static
menu.c:1537:6:Menu_Output	24	static
menu.c:1550:6:Menu_Blocks	24	static
menu.c:1562:6:Str_Time	24	static
menu.c:1575:6:Menu_Main	24	static
menu.c:1631:6:Menu_Analog	24	static
menu.c:1682:6:Menu_Digital	88	static
menu.c:1778:6:Menu_OpenDrain	24	static
menu.c:1826:6:Menu_1Wire	24	static
menu.c:1844:6:Menu_PWM	24	static
menu.c:1872:6:Filling_Menu_Block	48	static
menu.c:1908:6:Not_Found_Block	32	static
menu.c:1926:6:Visible_Analog	24	static
menu.c:1962:6:Visible_Digital	72	static
menu.c:2046:6:Visible_PWM	24	static
menu.c:2066:6:Visible_1Wire	24	static
menu.c:2078:6:Visible_OpenDrain	24	static
