st7735.c:125:13:ST7735_GPIO_Init	4	static
st7735.c:143:13:ST7735_Reset	8	static
st7735.c:150:13:ST7735_WriteCommand	16	static
st7735.c:161:13:ST7735_WriteData	16	static
st7735.c:172:13:ST7735_ExecuteCommandList	24	static
st7735.c:202:13:ST7735_SetAddressWindow	32	static
st7735.c:219:13:ST7735_WriteChar	48	static
st7735.c:244:6:ST7735_Init	8	static
st7735.c:255:6:ST7735_DrawPixel	24	static
st7735.c:269:6:ST7735_DrawString	32	static
st7735.c:299:6:ST7735_FillRectangle	32	static
st7735.c:326:6:ST7735_FillScreen	24	static
st7735.c:331:6:ST7735_DrawImage	24	static
st7735.c:361:6:ST7735_InvertColors	16	static
st7735.c:368:6:ST7735_Backlight_On	4	static
st7735.c:373:6:ST7735_Backlight_Off	4	static
st7735.c:382:6:ST7735_DrawCircle	32	static
st7735.c:422:6:ST7735_DrawCircleHelper	32	static
st7735.c:468:6:ST7735_FillCircle	32	static
st7735.c:479:6:ST7735_FillCircleHelper	32	static
st7735.c:516:6:ST7735_DrawEllipse	48	static
st7735.c:560:6:ST7735_FillEllipse	48	static
st7735.c:604:6:ST7735_DrawRect	24	static
st7735.c:617:6:ST7735_DrawRoundRect	32	static
st7735.c:636:6:ST7735_FillRoundRect	32	static
st7735.c:651:6:ST7735_DrawTriangle	32	static
st7735.c:663:6:ST7735_FillTriangle	64	static
st7735.c:746:6:ST7735_DrawLine	48	static
st7735.c:800:6:ST7735_DrawFastVLine	32	static
st7735.c:813:6:ST7735_DrawFastHLine	32	static
st7735.c:826:6:ST7735_SetRotation	24	static
st7735.c:880:9:ST7735_GetRotation	4	static
st7735.c:885:9:ST7735_GetHeight	4	static
st7735.c:890:9:ST7735_GetWidth	4	static
